Archive member included to satisfy reference by file (symbol)

/home/vikram/ST-Voice/freertos_cubemx_port/tc/bin/../lib/gcc/arm-none-eabi/5.3.1/../../../../arm-none-eabi/lib/armv7e-m/fpu/libc.a(lib_a-exit.o)
                              /home/vikram/ST-Voice/freertos_cubemx_port/tc/bin/../lib/gcc/arm-none-eabi/5.3.1/../../../../arm-none-eabi/lib/armv7e-m/fpu/crt0.o (exit)
/home/vikram/ST-Voice/freertos_cubemx_port/tc/bin/../lib/gcc/arm-none-eabi/5.3.1/../../../../arm-none-eabi/lib/armv7e-m/fpu/libc.a(lib_a-impure.o)
                              /home/vikram/ST-Voice/freertos_cubemx_port/tc/bin/../lib/gcc/arm-none-eabi/5.3.1/../../../../arm-none-eabi/lib/armv7e-m/fpu/libc.a(lib_a-exit.o) (_global_impure_ptr)
/home/vikram/ST-Voice/freertos_cubemx_port/tc/bin/../lib/gcc/arm-none-eabi/5.3.1/../../../../arm-none-eabi/lib/armv7e-m/fpu/libc.a(lib_a-init.o)
                              /home/vikram/ST-Voice/freertos_cubemx_port/tc/bin/../lib/gcc/arm-none-eabi/5.3.1/../../../../arm-none-eabi/lib/armv7e-m/fpu/crt0.o (__libc_init_array)
/home/vikram/ST-Voice/freertos_cubemx_port/tc/bin/../lib/gcc/arm-none-eabi/5.3.1/../../../../arm-none-eabi/lib/armv7e-m/fpu/libc.a(lib_a-memcpy.o)
                              build/os/queue.o (memcpy)
/home/vikram/ST-Voice/freertos_cubemx_port/tc/bin/../lib/gcc/arm-none-eabi/5.3.1/../../../../arm-none-eabi/lib/armv7e-m/fpu/libc.a(lib_a-memset.o)
                              /home/vikram/ST-Voice/freertos_cubemx_port/tc/bin/../lib/gcc/arm-none-eabi/5.3.1/../../../../arm-none-eabi/lib/armv7e-m/fpu/crt0.o (memset)
/home/vikram/ST-Voice/freertos_cubemx_port/tc/bin/../lib/gcc/arm-none-eabi/5.3.1/../../../../arm-none-eabi/lib/armv7e-m/fpu/libc.a(lib_a-__call_atexit.o)
                              /home/vikram/ST-Voice/freertos_cubemx_port/tc/bin/../lib/gcc/arm-none-eabi/5.3.1/../../../../arm-none-eabi/lib/armv7e-m/fpu/libc.a(lib_a-exit.o) (__call_exitprocs)
/home/vikram/ST-Voice/freertos_cubemx_port/tc/bin/../lib/gcc/arm-none-eabi/5.3.1/../../../../arm-none-eabi/lib/armv7e-m/fpu/libc.a(lib_a-atexit.o)
                              /home/vikram/ST-Voice/freertos_cubemx_port/tc/bin/../lib/gcc/arm-none-eabi/5.3.1/../../../../arm-none-eabi/lib/armv7e-m/fpu/libc.a(lib_a-__call_atexit.o) (atexit)
/home/vikram/ST-Voice/freertos_cubemx_port/tc/bin/../lib/gcc/arm-none-eabi/5.3.1/../../../../arm-none-eabi/lib/armv7e-m/fpu/libc.a(lib_a-fini.o)
                              /home/vikram/ST-Voice/freertos_cubemx_port/tc/bin/../lib/gcc/arm-none-eabi/5.3.1/../../../../arm-none-eabi/lib/armv7e-m/fpu/libc.a(lib_a-__call_atexit.o) (__libc_fini_array)
/home/vikram/ST-Voice/freertos_cubemx_port/tc/bin/../lib/gcc/arm-none-eabi/5.3.1/../../../../arm-none-eabi/lib/armv7e-m/fpu/libc.a(lib_a-__atexit.o)
                              /home/vikram/ST-Voice/freertos_cubemx_port/tc/bin/../lib/gcc/arm-none-eabi/5.3.1/../../../../arm-none-eabi/lib/armv7e-m/fpu/libc.a(lib_a-atexit.o) (__register_exitproc)
/home/vikram/ST-Voice/freertos_cubemx_port/tc/bin/../lib/gcc/arm-none-eabi/5.3.1/armv7e-m/fpu/libgcc.a(_aeabi_uldivmod.o)
                              build/drivers/STM32F4xx_HAL_Driver/Src/stm32f4xx_hal_rcc.o (__aeabi_uldivmod)
/home/vikram/ST-Voice/freertos_cubemx_port/tc/bin/../lib/gcc/arm-none-eabi/5.3.1/armv7e-m/fpu/libgcc.a(_udivmoddi4.o)
                              /home/vikram/ST-Voice/freertos_cubemx_port/tc/bin/../lib/gcc/arm-none-eabi/5.3.1/armv7e-m/fpu/libgcc.a(_aeabi_uldivmod.o) (__udivmoddi4)
/home/vikram/ST-Voice/freertos_cubemx_port/tc/bin/../lib/gcc/arm-none-eabi/5.3.1/armv7e-m/fpu/libgcc.a(_dvmd_tls.o)
                              /home/vikram/ST-Voice/freertos_cubemx_port/tc/bin/../lib/gcc/arm-none-eabi/5.3.1/armv7e-m/fpu/libgcc.a(_aeabi_uldivmod.o) (__aeabi_ldiv0)
/home/vikram/ST-Voice/freertos_cubemx_port/tc/bin/../lib/gcc/arm-none-eabi/5.3.1/../../../../arm-none-eabi/lib/armv7e-m/fpu/libnosys.a(_exit.o)
                              /home/vikram/ST-Voice/freertos_cubemx_port/tc/bin/../lib/gcc/arm-none-eabi/5.3.1/../../../../arm-none-eabi/lib/armv7e-m/fpu/libc.a(lib_a-exit.o) (_exit)

Allocating common symbols
Common symbol       size              file

defaultTaskHandle   0x4               build/core/main.o
uwTick              0x4               build/drivers/STM32F4xx_HAL_Driver/Src/stm32f4xx_hal.o
xQueueRegistry      0x40              build/os/queue.o
pFlash              0x20              build/drivers/STM32F4xx_HAL_Driver/Src/stm32f4xx_hal_flash.o
htim1               0x40              build/core/stm32f4xx_hal_timebase_tim.o

Discarded input sections

 .text          0x00000000        0x0 /home/vikram/ST-Voice/freertos_cubemx_port/tc/bin/../lib/gcc/arm-none-eabi/5.3.1/armv7e-m/fpu/crti.o
 .data          0x00000000        0x0 /home/vikram/ST-Voice/freertos_cubemx_port/tc/bin/../lib/gcc/arm-none-eabi/5.3.1/armv7e-m/fpu/crti.o
 .bss           0x00000000        0x0 /home/vikram/ST-Voice/freertos_cubemx_port/tc/bin/../lib/gcc/arm-none-eabi/5.3.1/armv7e-m/fpu/crti.o
[...]
Memory Configuration

Name             Origin             Length             Attributes
RAM              0x20000000         0x00020000         xrw
CCMRAM           0x10000000         0x00010000         xrw
FLASH            0x08000000         0x00080000         xr
*default*        0x00000000         0xffffffff

Linker script and memory map

LOAD /home/vikram/ST-Voice/freertos_cubemx_port/tc/bin/../lib/gcc/arm-none-eabi/5.3.1/armv7e-m/fpu/crti.o
LOAD /home/vikram/ST-Voice/freertos_cubemx_port/tc/bin/../lib/gcc/arm-none-eabi/5.3.1/armv7e-m/fpu/crtbegin.o
LOAD /home/vikram/ST-Voice/freertos_cubemx_port/tc/bin/../lib/gcc/arm-none-eabi/5.3.1/../../../../arm-none-eabi/lib/armv7e-m/fpu/crt0.o
LOAD build/core/freertos.o
LOAD build/core/main.o
LOAD build/core/stm32f4xx_hal_msp.o
LOAD build/core/stm32f4xx_hal_timebase_tim.o
LOAD build/core/stm32f4xx_it.o
LOAD build/core/system_stm32f4xx.o
LOAD build/os/croutine.o
LOAD build/os/event_groups.o
LOAD build/os/list.o
LOAD build/os/queue.o
LOAD build/os/stream_buffer.o
LOAD build/os/tasks.o
LOAD build/os/timers.o
LOAD build/os/CMSIS_RTOS_V2/cmsis_os2.o
LOAD build/os/portable/GCC/ARM_CM4F/port.o
LOAD build/startup_stm32f407xx.o
LOAD build/drivers/STM32F4xx_HAL_Driver/Src/stm32f4xx_hal_rcc.o
LOAD build/drivers/STM32F4xx_HAL_Driver/Src/stm32f4xx_hal_rcc_ex.o
LOAD build/drivers/STM32F4xx_HAL_Driver/Src/stm32f4xx_hal_flash.o
LOAD build/drivers/STM32F4xx_HAL_Driver/Src/stm32f4xx_hal_flash_ex.o
LOAD build/drivers/STM32F4xx_HAL_Driver/Src/stm32f4xx_hal_flash_ramfunc.o
LOAD build/drivers/STM32F4xx_HAL_Driver/Src/stm32f4xx_hal_gpio.o
LOAD build/drivers/STM32F4xx_HAL_Driver/Src/stm32f4xx_hal_dma_ex.o
LOAD build/drivers/STM32F4xx_HAL_Driver/Src/stm32f4xx_hal_dma.o
LOAD build/drivers/STM32F4xx_HAL_Driver/Src/stm32f4xx_hal_pwr.o
LOAD build/drivers/STM32F4xx_HAL_Driver/Src/stm32f4xx_hal_pwr_ex.o
LOAD build/drivers/STM32F4xx_HAL_Driver/Src/stm32f4xx_hal_cortex.o
LOAD build/drivers/STM32F4xx_HAL_Driver/Src/stm32f4xx_hal.o
LOAD build/drivers/STM32F4xx_HAL_Driver/Src/stm32f4xx_hal_exti.o
LOAD build/drivers/STM32F4xx_HAL_Driver/Src/stm32f4xx_hal_tim.o
LOAD build/drivers/STM32F4xx_HAL_Driver/Src/stm32f4xx_hal_tim_ex.o
LOAD build/os/portable/MemMang/heap_4.o
                0x20020000                _estack = 0x20020000
                0x00000200                _Min_Heap_Size = 0x200
                0x00000400                _Min_Stack_Size = 0x400

.isr_vector     0x08000000      0x188
                0x08000000                . = ALIGN (0x4)
 *(.isr_vector)
 .isr_vector    0x08000000      0x188 build/startup_stm32f407xx.o
                0x08000000                g_pfnVectors
                0x08000188                . = ALIGN (0x4)

.text           0x08000190     0x4768
                0x08000190                . = ALIGN (0x4)
 *(.text)
 .text          0x08000190       0x5c /home/vikram/ST-Voice/freertos_cubemx_port/tc/bin/../lib/gcc/arm-none-eabi/5.3.1/armv7e-m/fpu/crtbegin.o
 .text          0x080001ec      0x134 /home/vikram/ST-Voice/freertos_cubemx_port/tc/bin/../lib/gcc/arm-none-eabi/5.3.1/../../../../arm-none-eabi/lib/armv7e-m/fpu/libc.a(lib_a-memcpy.o)
                0x080001ec                memcpy
 .text          0x08000320       0x30 /home/vikram/ST-Voice/freertos_cubemx_port/tc/bin/../lib/gcc/arm-none-eabi/5.3.1/armv7e-m/fpu/libgcc.a(_aeabi_uldivmod.o)
                0x08000320                __aeabi_uldivmod
 .text          0x08000350      0x2e4 /home/vikram/ST-Voice/freertos_cubemx_port/tc/bin/../lib/gcc/arm-none-eabi/5.3.1/armv7e-m/fpu/libgcc.a(_udivmoddi4.o)
                0x08000350                __udivmoddi4
 .text          0x08000634        0x4 /home/vikram/ST-Voice/freertos_cubemx_port/tc/bin/../lib/gcc/arm-none-eabi/5.3.1/armv7e-m/fpu/libgcc.a(_dvmd_tls.o)
                0x08000634                __aeabi_ldiv0
                0x08000634                __aeabi_idiv0
 *(.text*)
 .text.main     0x08000638       0x38 build/core/main.o
                0x08000638                main
 .text.SystemClock_Config
                0x08000670       0xbc build/core/main.o
                0x08000670                SystemClock_Config
 .text.MX_GPIO_Init
                0x0800072c       0x70 build/core/main.o
 .text.StartDefaultTask
                0x0800079c       0x10 build/core/main.o
                0x0800079c                StartDefaultTask
 .text.HAL_TIM_PeriodElapsedCallback
                0x080007ac       0x24 build/core/main.o
                0x080007ac                HAL_TIM_PeriodElapsedCallback
 .text.Error_Handler
                0x080007d0       0x10 build/core/main.o
                0x080007d0                Error_Handler
 .text.HAL_MspInit
                0x080007e0       0x58 build/core/stm32f4xx_hal_msp.o
                0x080007e0                HAL_MspInit
 .text.HAL_InitTick
                0x08000838       0xb0 build/core/stm32f4xx_hal_timebase_tim.o
                0x08000838                HAL_InitTick
 .text.NMI_Handler
                0x080008e8       0x10 build/core/stm32f4xx_it.o
                0x080008e8                NMI_Handler
 .text.HardFault_Handler
                0x080008f8        0x8 build/core/stm32f4xx_it.o
                0x080008f8                HardFault_Handler
 .text.MemManage_Handler
                0x08000900        0x8 build/core/stm32f4xx_it.o
                0x08000900                MemManage_Handler
 .text.BusFault_Handler
                0x08000908        0x8 build/core/stm32f4xx_it.o
                0x08000908                BusFault_Handler
 .text.UsageFault_Handler
                0x08000910        0x8 build/core/stm32f4xx_it.o
                0x08000910                UsageFault_Handler
 .text.DebugMon_Handler
                0x08000918       0x10 build/core/stm32f4xx_it.o
                0x08000918                DebugMon_Handler
 .text.TIM1_UP_TIM10_IRQHandler
                0x08000928       0x14 build/core/stm32f4xx_it.o
                0x08000928                TIM1_UP_TIM10_IRQHandler
 .text.SystemInit
                0x0800093c       0x2c build/core/system_stm32f4xx.o
                0x0800093c                SystemInit
 .text.vListInitialise
                0x08000968       0x40 build/os/list.o
                0x08000968                vListInitialise
 .text.vListInitialiseItem
                0x080009a8       0x1c build/os/list.o
                0x080009a8                vListInitialiseItem
 .text.vListInsertEnd
                0x080009c4       0x48 build/os/list.o
                0x080009c4                vListInsertEnd
 .text.vListInsert
                0x08000a0c       0x74 build/os/list.o
                0x08000a0c                vListInsert
 .text.uxListRemove
                0x08000a80       0x54 build/os/list.o
                0x08000a80                uxListRemove
 .text.xQueueGenericReset
                0x08000ad4       0xd0 build/os/queue.o
                0x08000ad4                xQueueGenericReset
 .text.xQueueGenericCreateStatic
                0x08000ba4       0xe8 build/os/queue.o
                0x08000ba4                xQueueGenericCreateStatic
 .text.prvInitialiseNewQueue
                0x08000c8c       0x48 build/os/queue.o
 .text.xQueueGenericSend
                0x08000cd4      0x1f4 build/os/queue.o
                0x08000cd4                xQueueGenericSend
 .text.xQueueGenericSendFromISR
                0x08000ec8      0x128 build/os/queue.o
                0x08000ec8                xQueueGenericSendFromISR
 .text.xQueueReceive
                0x08000ff0      0x1b8 build/os/queue.o
                0x08000ff0                xQueueReceive
 .text.prvCopyDataToQueue
                0x080011a8       0xd4 build/os/queue.o
 .text.prvCopyDataFromQueue
                0x0800127c       0x4c build/os/queue.o
 .text.prvUnlockQueue
                0x080012c8       0xa4 build/os/queue.o
 .text.prvIsQueueEmpty
                0x0800136c       0x2c build/os/queue.o
 .text.prvIsQueueFull
                0x08001398       0x30 build/os/queue.o
 .text.vQueueAddToRegistry
                0x080013c8       0x50 build/os/queue.o
                0x080013c8                vQueueAddToRegistry
 .text.vQueueWaitForMessageRestricted
                0x08001418       0x68 build/os/queue.o
                0x08001418                vQueueWaitForMessageRestricted
 .text.xTaskCreateStatic
                0x08001480       0xb4 build/os/tasks.o
                0x08001480                xTaskCreateStatic
 .text.xTaskCreate
                0x08001534       0x8c build/os/tasks.o
                0x08001534                xTaskCreate
 .text.prvInitialiseNewTask
                0x080015c0      0x11c build/os/tasks.o
 .text.prvAddNewTaskToReadyList
                0x080016dc       0xe0 build/os/tasks.o
 .text.vTaskDelay
                0x080017bc       0x68 build/os/tasks.o
                0x080017bc                vTaskDelay
 .text.vTaskStartScheduler
                0x08001824       0xc8 build/os/tasks.o
                0x08001824                vTaskStartScheduler
 .text.vTaskSuspendAll
                0x080018ec       0x1c build/os/tasks.o
                0x080018ec                vTaskSuspendAll
 .text.xTaskResumeAll
                0x08001908      0x138 build/os/tasks.o
                0x08001908                xTaskResumeAll
 .text.xTaskGetTickCount
                0x08001a40       0x20 build/os/tasks.o
                0x08001a40                xTaskGetTickCount
 .text.xTaskIncrementTick
                0x08001a60      0x170 build/os/tasks.o
                0x08001a60                xTaskIncrementTick
 .text.vTaskSwitchContext
                0x08001bd0       0xb8 build/os/tasks.o
                0x08001bd0                vTaskSwitchContext
 .text.vTaskPlaceOnEventList
                0x08001c88       0x48 build/os/tasks.o
                0x08001c88                vTaskPlaceOnEventList
 .text.vTaskPlaceOnEventListRestricted
                0x08001cd0       0x54 build/os/tasks.o
                0x08001cd0                vTaskPlaceOnEventListRestricted
 .text.xTaskRemoveFromEventList
                0x08001d24       0xc4 build/os/tasks.o
                0x08001d24                xTaskRemoveFromEventList
 .text.vTaskInternalSetTimeOutState
                0x08001de8       0x2c build/os/tasks.o
                0x08001de8                vTaskInternalSetTimeOutState
 .text.xTaskCheckForTimeOut
                0x08001e14       0xc0 build/os/tasks.o
                0x08001e14                xTaskCheckForTimeOut
 .text.vTaskMissedYield
                0x08001ed4       0x18 build/os/tasks.o
                0x08001ed4                vTaskMissedYield
 .text.prvIdleTask
                0x08001eec       0x30 build/os/tasks.o
 .text.prvInitialiseTaskLists
                0x08001f1c       0x80 build/os/tasks.o
 .text.prvCheckTasksWaitingTermination
                0x08001f9c       0x58 build/os/tasks.o
 .text.prvDeleteTCB
                0x08001ff4       0x5c build/os/tasks.o
 .text.prvResetNextTaskUnblockTime
                0x08002050       0x40 build/os/tasks.o
 .text.xTaskGetSchedulerState
                0x08002090       0x3c build/os/tasks.o
                0x08002090                xTaskGetSchedulerState
 .text.xTaskPriorityDisinherit
                0x080020cc       0xd8 build/os/tasks.o
                0x080020cc                xTaskPriorityDisinherit
 .text.prvAddCurrentTaskToDelayedList
                0x080021a4       0xa8 build/os/tasks.o
 .text.xTimerCreateTimerTask
                0x0800224c       0x90 build/os/timers.o
                0x0800224c                xTimerCreateTimerTask
 .text.xTimerGenericCommand
                0x080022dc       0x98 build/os/timers.o
                0x080022dc                xTimerGenericCommand
 .text.prvProcessExpiredTimer
                0x08002374       0x98 build/os/timers.o
 .text.prvTimerTask
                0x0800240c       0x24 build/os/timers.o
 .text.prvProcessTimerOrBlockTask
                0x08002430       0x9c build/os/timers.o
 .text.prvGetNextExpireTime
                0x080024cc       0x48 build/os/timers.o
 .text.prvSampleTimeNow
                0x08002514       0x40 build/os/timers.o
 .text.prvInsertTimerInActiveList
                0x08002554       0x84 build/os/timers.o
 .text.prvProcessReceivedCommands
                0x080025d8      0x1b8 build/os/timers.o
 .text.prvSwitchTimerLists
                0x08002790       0xc8 build/os/timers.o
 .text.prvCheckForValidListAndQueue
                0x08002858       0x80 build/os/timers.o
 .text.SVC_Setup
                0x080028d8       0x10 build/os/CMSIS_RTOS_V2/cmsis_os2.o
 .text.osKernelInitialize
                0x080028e8       0x68 build/os/CMSIS_RTOS_V2/cmsis_os2.o
                0x080028e8                osKernelInitialize
 .text.osKernelStart
                0x08002950       0x6c build/os/CMSIS_RTOS_V2/cmsis_os2.o
                0x08002950                osKernelStart
 .text.osThreadNew
                0x080029bc      0x14c build/os/CMSIS_RTOS_V2/cmsis_os2.o
                0x080029bc                osThreadNew
 .text.osDelay  0x08002b08       0x5c build/os/CMSIS_RTOS_V2/cmsis_os2.o
                0x08002b08                osDelay
 .text.vApplicationGetIdleTaskMemory
                0x08002b64       0x34 build/os/CMSIS_RTOS_V2/cmsis_os2.o
                0x08002b64                vApplicationGetIdleTaskMemory
 .text.vApplicationGetTimerTaskMemory
                0x08002b98       0x34 build/os/CMSIS_RTOS_V2/cmsis_os2.o
                0x08002b98                vApplicationGetTimerTaskMemory
 .text.pxPortInitialiseStack
                0x08002bcc       0x68 build/os/portable/GCC/ARM_CM4F/port.o
                0x08002bcc                pxPortInitialiseStack
 .text.prvTaskExitError
                0x08002c34       0x54 build/os/portable/GCC/ARM_CM4F/port.o
 *fill*         0x08002c88        0x8 
 .text.SVC_Handler
                0x08002c90       0x28 build/os/portable/GCC/ARM_CM4F/port.o
                0x08002c90                SVC_Handler
 .text.prvPortStartFirstTask
                0x08002cb8       0x28 build/os/portable/GCC/ARM_CM4F/port.o
 .text.xPortStartScheduler
                0x08002ce0      0x13c build/os/portable/GCC/ARM_CM4F/port.o
                0x08002ce0                xPortStartScheduler
 .text.vPortEnterCritical
                0x08002e1c       0x5c build/os/portable/GCC/ARM_CM4F/port.o
                0x08002e1c                vPortEnterCritical
 .text.vPortExitCritical
                0x08002e78       0x50 build/os/portable/GCC/ARM_CM4F/port.o
                0x08002e78                vPortExitCritical
 *fill*         0x08002ec8        0x8 
 .text.PendSV_Handler
                0x08002ed0       0x68 build/os/portable/GCC/ARM_CM4F/port.o
                0x08002ed0                PendSV_Handler
 .text.SysTick_Handler
                0x08002f38       0x40 build/os/portable/GCC/ARM_CM4F/port.o
                0x08002f38                SysTick_Handler
 .text.vPortSetupTimerInterrupt
                0x08002f78       0x48 build/os/portable/GCC/ARM_CM4F/port.o
                0x08002f78                vPortSetupTimerInterrupt
 .text.vPortEnableVFP
                0x08002fc0       0x14 build/os/portable/GCC/ARM_CM4F/port.o
 .text.vPortValidateInterruptPriority
                0x08002fd4       0x7c build/os/portable/GCC/ARM_CM4F/port.o
                0x08002fd4                vPortValidateInterruptPriority
 .text.Reset_Handler
                0x08003050       0x50 build/startup_stm32f407xx.o
                0x08003050                Reset_Handler
 .text.Default_Handler
                0x080030a0        0x2 build/startup_stm32f407xx.o
                0x080030a0                RTC_Alarm_IRQHandler
                0x080030a0                HASH_RNG_IRQHandler
                0x080030a0                EXTI2_IRQHandler
                0x080030a0                TIM8_CC_IRQHandler
                0x080030a0                TIM1_CC_IRQHandler
                0x080030a0                DMA2_Stream5_IRQHandler
                0x080030a0                DMA1_Stream5_IRQHandler
                0x080030a0                PVD_IRQHandler
                0x080030a0                SDIO_IRQHandler
                0x080030a0                TAMP_STAMP_IRQHandler
                0x080030a0                CAN2_RX1_IRQHandler
                0x080030a0                EXTI3_IRQHandler
                0x080030a0                TIM8_TRG_COM_TIM14_IRQHandler
                0x080030a0                TIM8_UP_TIM13_IRQHandler
                0x080030a0                I2C3_ER_IRQHandler
                0x080030a0                EXTI0_IRQHandler
                0x080030a0                I2C2_EV_IRQHandler
                0x080030a0                DMA1_Stream2_IRQHandler
                0x080030a0                CAN1_RX0_IRQHandler
                0x080030a0                FPU_IRQHandler
                0x080030a0                OTG_HS_WKUP_IRQHandler
                0x080030a0                CAN2_SCE_IRQHandler
                0x080030a0                DMA2_Stream2_IRQHandler
                0x080030a0                SPI1_IRQHandler
                0x080030a0                TIM6_DAC_IRQHandler
                0x080030a0                TIM1_BRK_TIM9_IRQHandler
                0x080030a0                DCMI_IRQHandler
                0x080030a0                CAN2_RX0_IRQHandler
                0x080030a0                DMA2_Stream3_IRQHandler
                0x080030a0                USART6_IRQHandler
                0x080030a0                USART3_IRQHandler
                0x080030a0                CAN1_RX1_IRQHandler
                0x080030a0                UART5_IRQHandler
                0x080030a0                DMA2_Stream0_IRQHandler
                0x080030a0                TIM4_IRQHandler
                0x080030a0                I2C1_EV_IRQHandler
                0x080030a0                DMA1_Stream6_IRQHandler
                0x080030a0                DMA1_Stream1_IRQHandler
                0x080030a0                UART4_IRQHandler
                0x080030a0                TIM3_IRQHandler
                0x080030a0                RCC_IRQHandler
                0x080030a0                TIM8_BRK_TIM12_IRQHandler
                0x080030a0                Default_Handler
                0x080030a0                EXTI15_10_IRQHandler
                0x080030a0                ADC_IRQHandler
                0x080030a0                DMA1_Stream7_IRQHandler
                0x080030a0                TIM7_IRQHandler
                0x080030a0                CAN2_TX_IRQHandler
                0x080030a0                TIM5_IRQHandler
                0x080030a0                DMA2_Stream7_IRQHandler
                0x080030a0                I2C3_EV_IRQHandler
                0x080030a0                EXTI9_5_IRQHandler
                0x080030a0                RTC_WKUP_IRQHandler
                0x080030a0                ETH_WKUP_IRQHandler
                0x080030a0                SPI2_IRQHandler
                0x080030a0                OTG_HS_EP1_IN_IRQHandler
                0x080030a0                DMA1_Stream0_IRQHandler
                0x080030a0                CAN1_TX_IRQHandler
                0x080030a0                EXTI4_IRQHandler
                0x080030a0                FSMC_IRQHandler
                0x080030a0                ETH_IRQHandler
                0x080030a0                OTG_HS_EP1_OUT_IRQHandler
                0x080030a0                WWDG_IRQHandler
                0x080030a0                TIM2_IRQHandler
                0x080030a0                OTG_FS_WKUP_IRQHandler
                0x080030a0                TIM1_TRG_COM_TIM11_IRQHandler
                0x080030a0                OTG_HS_IRQHandler
                0x080030a0                EXTI1_IRQHandler
                0x080030a0                USART2_IRQHandler
                0x080030a0                I2C2_ER_IRQHandler
                0x080030a0                DMA2_Stream1_IRQHandler
                0x080030a0                CAN1_SCE_IRQHandler
                0x080030a0                FLASH_IRQHandler
                0x080030a0                DMA2_Stream4_IRQHandler
                0x080030a0                USART1_IRQHandler
                0x080030a0                OTG_FS_IRQHandler
                0x080030a0                SPI3_IRQHandler
                0x080030a0                DMA1_Stream4_IRQHandler
                0x080030a0                I2C1_ER_IRQHandler
                0x080030a0                DMA2_Stream6_IRQHandler
                0x080030a0                DMA1_Stream3_IRQHandler
 *fill*         0x080030a2        0x2 
 .text.HAL_RCC_OscConfig
                0x080030a4      0x4dc build/drivers/STM32F4xx_HAL_Driver/Src/stm32f4xx_hal_rcc.o
                0x080030a4                HAL_RCC_OscConfig
 .text.HAL_RCC_ClockConfig
                0x08003580      0x1cc build/drivers/STM32F4xx_HAL_Driver/Src/stm32f4xx_hal_rcc.o
                0x08003580                HAL_RCC_ClockConfig
 .text.HAL_RCC_GetSysClockFreq
                0x0800374c      0x140 build/drivers/STM32F4xx_HAL_Driver/Src/stm32f4xx_hal_rcc.o
                0x0800374c                HAL_RCC_GetSysClockFreq
 .text.HAL_RCC_GetHCLKFreq
                0x0800388c       0x18 build/drivers/STM32F4xx_HAL_Driver/Src/stm32f4xx_hal_rcc.o
                0x0800388c                HAL_RCC_GetHCLKFreq
 .text.HAL_RCC_GetPCLK2Freq
                0x080038a4       0x28 build/drivers/STM32F4xx_HAL_Driver/Src/stm32f4xx_hal_rcc.o
                0x080038a4                HAL_RCC_GetPCLK2Freq
 .text.HAL_RCC_GetClockConfig
                0x080038cc       0x64 build/drivers/STM32F4xx_HAL_Driver/Src/stm32f4xx_hal_rcc.o
                0x080038cc                HAL_RCC_GetClockConfig
 .text.HAL_GPIO_Init
                0x08003930      0x334 build/drivers/STM32F4xx_HAL_Driver/Src/stm32f4xx_hal_gpio.o
                0x08003930                HAL_GPIO_Init
 .text.HAL_GPIO_WritePin
                0x08003c64       0x34 build/drivers/STM32F4xx_HAL_Driver/Src/stm32f4xx_hal_gpio.o
                0x08003c64                HAL_GPIO_WritePin
 .text.__NVIC_SetPriorityGrouping
                0x08003c98       0x48 build/drivers/STM32F4xx_HAL_Driver/Src/stm32f4xx_hal_cortex.o
 .text.__NVIC_GetPriorityGrouping
                0x08003ce0       0x1c build/drivers/STM32F4xx_HAL_Driver/Src/stm32f4xx_hal_cortex.o
 .text.__NVIC_EnableIRQ
                0x08003cfc       0x3c build/drivers/STM32F4xx_HAL_Driver/Src/stm32f4xx_hal_cortex.o
 .text.__NVIC_SetPriority
                0x08003d38       0x54 build/drivers/STM32F4xx_HAL_Driver/Src/stm32f4xx_hal_cortex.o
 .text.NVIC_EncodePriority
                0x08003d8c       0x64 build/drivers/STM32F4xx_HAL_Driver/Src/stm32f4xx_hal_cortex.o
 .text.HAL_NVIC_SetPriorityGrouping
                0x08003df0       0x18 build/drivers/STM32F4xx_HAL_Driver/Src/stm32f4xx_hal_cortex.o
                0x08003df0                HAL_NVIC_SetPriorityGrouping
 .text.HAL_NVIC_SetPriority
                0x08003e08       0x38 build/drivers/STM32F4xx_HAL_Driver/Src/stm32f4xx_hal_cortex.o
                0x08003e08                HAL_NVIC_SetPriority
 .text.HAL_NVIC_EnableIRQ
                0x08003e40       0x1c build/drivers/STM32F4xx_HAL_Driver/Src/stm32f4xx_hal_cortex.o
                0x08003e40                HAL_NVIC_EnableIRQ
 .text.HAL_Init
                0x08003e5c       0x44 build/drivers/STM32F4xx_HAL_Driver/Src/stm32f4xx_hal.o
                0x08003e5c                HAL_Init
 .text.HAL_IncTick
                0x08003ea0       0x28 build/drivers/STM32F4xx_HAL_Driver/Src/stm32f4xx_hal.o
                0x08003ea0                HAL_IncTick
 .text.HAL_GetTick
                0x08003ec8       0x18 build/drivers/STM32F4xx_HAL_Driver/Src/stm32f4xx_hal.o
                0x08003ec8                HAL_GetTick
 .text.HAL_TIM_Base_Init
                0x08003ee0       0x58 build/drivers/STM32F4xx_HAL_Driver/Src/stm32f4xx_hal_tim.o
                0x08003ee0                HAL_TIM_Base_Init
 .text.HAL_TIM_Base_MspInit
                0x08003f38       0x14 build/drivers/STM32F4xx_HAL_Driver/Src/stm32f4xx_hal_tim.o
                0x08003f38                HAL_TIM_Base_MspInit
 .text.HAL_TIM_Base_Start_IT
                0x08003f4c       0x48 build/drivers/STM32F4xx_HAL_Driver/Src/stm32f4xx_hal_tim.o
                0x08003f4c                HAL_TIM_Base_Start_IT
 .text.HAL_TIM_IRQHandler
                0x08003f94      0x210 build/drivers/STM32F4xx_HAL_Driver/Src/stm32f4xx_hal_tim.o
                0x08003f94                HAL_TIM_IRQHandler
 .text.HAL_TIM_OC_DelayElapsedCallback
                0x080041a4       0x14 build/drivers/STM32F4xx_HAL_Driver/Src/stm32f4xx_hal_tim.o
                0x080041a4                HAL_TIM_OC_DelayElapsedCallback
 .text.HAL_TIM_IC_CaptureCallback
                0x080041b8       0x14 build/drivers/STM32F4xx_HAL_Driver/Src/stm32f4xx_hal_tim.o
                0x080041b8                HAL_TIM_IC_CaptureCallback
 .text.HAL_TIM_PWM_PulseFinishedCallback
                0x080041cc       0x14 build/drivers/STM32F4xx_HAL_Driver/Src/stm32f4xx_hal_tim.o
                0x080041cc                HAL_TIM_PWM_PulseFinishedCallback
 .text.HAL_TIM_TriggerCallback
                0x080041e0       0x14 build/drivers/STM32F4xx_HAL_Driver/Src/stm32f4xx_hal_tim.o
                0x080041e0                HAL_TIM_TriggerCallback
 .text.TIM_Base_SetConfig
                0x080041f4      0x140 build/drivers/STM32F4xx_HAL_Driver/Src/stm32f4xx_hal_tim.o
                0x080041f4                TIM_Base_SetConfig
 .text.HAL_TIMEx_CommutCallback
                0x08004334       0x14 build/drivers/STM32F4xx_HAL_Driver/Src/stm32f4xx_hal_tim_ex.o
                0x08004334                HAL_TIMEx_CommutCallback
 .text.HAL_TIMEx_BreakCallback
                0x08004348       0x14 build/drivers/STM32F4xx_HAL_Driver/Src/stm32f4xx_hal_tim_ex.o
                0x08004348                HAL_TIMEx_BreakCallback
 .text.pvPortMalloc
                0x0800435c      0x184 build/os/portable/MemMang/heap_4.o
                0x0800435c                pvPortMalloc
 .text.vPortFree
                0x080044e0       0xb0 build/os/portable/MemMang/heap_4.o
                0x080044e0                vPortFree
 .text.prvHeapInit
                0x08004590       0xc4 build/os/portable/MemMang/heap_4.o
 .text.prvInsertBlockIntoFreeList
                0x08004654       0xb4 build/os/portable/MemMang/heap_4.o
 .text.__libc_init_array
                0x08004708       0x50 /home/vikram/ST-Voice/freertos_cubemx_port/tc/bin/../lib/gcc/arm-none-eabi/5.3.1/../../../../arm-none-eabi/lib/armv7e-m/fpu/libc.a(lib_a-init.o)
                0x08004708                __libc_init_array
 .text.memset   0x08004758       0x9c /home/vikram/ST-Voice/freertos_cubemx_port/tc/bin/../lib/gcc/arm-none-eabi/5.3.1/../../../../arm-none-eabi/lib/armv7e-m/fpu/libc.a(lib_a-memset.o)
                0x08004758                memset
 .text.startup.register_fini
                0x080047f4       0x14 /home/vikram/ST-Voice/freertos_cubemx_port/tc/bin/../lib/gcc/arm-none-eabi/5.3.1/../../../../arm-none-eabi/lib/armv7e-m/fpu/libc.a(lib_a-__call_atexit.o)
 .text.atexit   0x08004808        0xc /home/vikram/ST-Voice/freertos_cubemx_port/tc/bin/../lib/gcc/arm-none-eabi/5.3.1/../../../../arm-none-eabi/lib/armv7e-m/fpu/libc.a(lib_a-atexit.o)
                0x08004808                atexit
 .text.__libc_fini_array
                0x08004814       0x28 /home/vikram/ST-Voice/freertos_cubemx_port/tc/bin/../lib/gcc/arm-none-eabi/5.3.1/../../../../arm-none-eabi/lib/armv7e-m/fpu/libc.a(lib_a-fini.o)
                0x08004814                __libc_fini_array
 .text.__register_exitproc
                0x0800483c       0xa4 /home/vikram/ST-Voice/freertos_cubemx_port/tc/bin/../lib/gcc/arm-none-eabi/5.3.1/../../../../arm-none-eabi/lib/armv7e-m/fpu/libc.a(lib_a-__atexit.o)
                0x0800483c                __register_exitproc
 *(.glue_7)
 .glue_7        0x080048e0        0x0 linker stubs
 *(.glue_7t)
 .glue_7t       0x080048e0        0x0 linker stubs
 *(.eh_frame)
 .eh_frame      0x080048e0        0x0 /home/vikram/ST-Voice/freertos_cubemx_port/tc/bin/../lib/gcc/arm-none-eabi/5.3.1/armv7e-m/fpu/crtbegin.o
 *(.init)
 .init          0x080048e0        0x4 /home/vikram/ST-Voice/freertos_cubemx_port/tc/bin/../lib/gcc/arm-none-eabi/5.3.1/armv7e-m/fpu/crti.o
                0x080048e0                _init
 .init          0x080048e4        0x8 /home/vikram/ST-Voice/freertos_cubemx_port/tc/bin/../lib/gcc/arm-none-eabi/5.3.1/armv7e-m/fpu/crtn.o
 *(.fini)
 .fini          0x080048ec        0x4 /home/vikram/ST-Voice/freertos_cubemx_port/tc/bin/../lib/gcc/arm-none-eabi/5.3.1/armv7e-m/fpu/crti.o
                0x080048ec                _fini
 .fini          0x080048f0        0x8 /home/vikram/ST-Voice/freertos_cubemx_port/tc/bin/../lib/gcc/arm-none-eabi/5.3.1/armv7e-m/fpu/crtn.o
                0x080048f8                . = ALIGN (0x4)
                0x080048f8                _etext = .

.vfp11_veneer   0x080048f8        0x0
 .vfp11_veneer  0x080048f8        0x0 linker stubs

.v4_bx          0x080048f8        0x0
 .v4_bx         0x080048f8        0x0 linker stubs

.iplt           0x080048f8        0x0
 .iplt          0x080048f8        0x0 /home/vikram/ST-Voice/freertos_cubemx_port/tc/bin/../lib/gcc/arm-none-eabi/5.3.1/armv7e-m/fpu/crtbegin.o

.rodata         0x080048f8       0x68
                0x080048f8                . = ALIGN (0x4)
 *(.rodata)
 .rodata        0x080048f8        0xc build/core/main.o
 .rodata        0x08004904        0x5 build/os/tasks.o
 *fill*         0x08004909        0x3 
 .rodata        0x0800490c        0xd build/os/timers.o
 *(.rodata*)
 *fill*         0x08004919        0x3 
 .rodata.defaultTask_attributes
                0x0800491c       0x24 build/core/main.o
                0x0800491c                defaultTask_attributes
 .rodata.AHBPrescTable
                0x08004940       0x10 build/core/system_stm32f4xx.o
                0x08004940                AHBPrescTable
 .rodata.APBPrescTable
                0x08004950        0x8 build/core/system_stm32f4xx.o
                0x08004950                APBPrescTable
 .rodata.str1.4
                0x08004958        0x4 /home/vikram/ST-Voice/freertos_cubemx_port/tc/bin/../lib/gcc/arm-none-eabi/5.3.1/../../../../arm-none-eabi/lib/armv7e-m/fpu/libc.a(lib_a-impure.o)
                                  0x2 (size before relaxing)
 .rodata._global_impure_ptr
                0x0800495c        0x4 /home/vikram/ST-Voice/freertos_cubemx_port/tc/bin/../lib/gcc/arm-none-eabi/5.3.1/../../../../arm-none-eabi/lib/armv7e-m/fpu/libc.a(lib_a-impure.o)
                0x0800495c                _global_impure_ptr
                0x08004960                . = ALIGN (0x4)

.ARM.extab
 *(.ARM.extab* .gnu.linkonce.armextab.*)

.ARM            0x08004960        0x8
                0x08004960                __exidx_start = .
 *(.ARM.exidx*)
 .ARM.exidx     0x08004960        0x8 /home/vikram/ST-Voice/freertos_cubemx_port/tc/bin/../lib/gcc/arm-none-eabi/5.3.1/armv7e-m/fpu/libgcc.a(_udivmoddi4.o)
                0x08004968                __exidx_end = .

.rel.dyn        0x08004968        0x0
 .rel.iplt      0x08004968        0x0 /home/vikram/ST-Voice/freertos_cubemx_port/tc/bin/../lib/gcc/arm-none-eabi/5.3.1/armv7e-m/fpu/crtbegin.o

.preinit_array  0x08004968        0x0
                0x08004968                PROVIDE (__preinit_array_start, .)
 *(.preinit_array*)
                0x08004968                PROVIDE (__preinit_array_end, .)

.init_array     0x08004968        0x8
                0x08004968                PROVIDE (__init_array_start, .)
 *(SORT(.init_array.*))
 .init_array.00000
                0x08004968        0x4 /home/vikram/ST-Voice/freertos_cubemx_port/tc/bin/../lib/gcc/arm-none-eabi/5.3.1/../../../../arm-none-eabi/lib/armv7e-m/fpu/libc.a(lib_a-__call_atexit.o)
 *(.init_array*)
 .init_array    0x0800496c        0x4 /home/vikram/ST-Voice/freertos_cubemx_port/tc/bin/../lib/gcc/arm-none-eabi/5.3.1/armv7e-m/fpu/crtbegin.o
                0x08004970                PROVIDE (__init_array_end, .)

.fini_array     0x08004970        0x4
                0x08004970                PROVIDE (__fini_array_start, .)
 *(SORT(.fini_array.*))
 *(.fini_array*)
 .fini_array    0x08004970        0x4 /home/vikram/ST-Voice/freertos_cubemx_port/tc/bin/../lib/gcc/arm-none-eabi/5.3.1/armv7e-m/fpu/crtbegin.o
                0x08004974                PROVIDE (__fini_array_end, .)
                0x08004974                _sidata = LOADADDR (.data)

.data           0x20000000      0x438 load address 0x08004974
                0x20000000                . = ALIGN (0x4)
                0x20000000                _sdata = .
 *(.data)
 *(.data*)
 .data.SystemCoreClock
                0x20000000        0x4 build/core/system_stm32f4xx.o
                0x20000000                SystemCoreClock
 .data.uxCriticalNesting
                0x20000004        0x4 build/os/portable/GCC/ARM_CM4F/port.o
 .data.uwTickPrio
                0x20000008        0x4 build/drivers/STM32F4xx_HAL_Driver/Src/stm32f4xx_hal.o
                0x20000008                uwTickPrio
 .data.uwTickFreq
                0x2000000c        0x1 build/drivers/STM32F4xx_HAL_Driver/Src/stm32f4xx_hal.o
                0x2000000c                uwTickFreq
 *fill*         0x2000000d        0x3 
 .data.impure_data
                0x20000010      0x428 /home/vikram/ST-Voice/freertos_cubemx_port/tc/bin/../lib/gcc/arm-none-eabi/5.3.1/../../../../arm-none-eabi/lib/armv7e-m/fpu/libc.a(lib_a-impure.o)
                0x20000438                . = ALIGN (0x4)
                0x20000438                _edata = .
                0x08004dac                _siccmram = LOADADDR (.ccmram)

.jcr            0x20000438        0x0 load address 0x08004dac
 .jcr           0x20000438        0x0 /home/vikram/ST-Voice/freertos_cubemx_port/tc/bin/../lib/gcc/arm-none-eabi/5.3.1/armv7e-m/fpu/crtbegin.o

.igot.plt       0x20000438        0x0 load address 0x08004dac
 .igot.plt      0x20000438        0x0 /home/vikram/ST-Voice/freertos_cubemx_port/tc/bin/../lib/gcc/arm-none-eabi/5.3.1/armv7e-m/fpu/crtbegin.o

.ccmram         0x10000000        0x0 load address 0x08004dac
                0x10000000                . = ALIGN (0x4)
                0x10000000                _sccmram = .
 *(.ccmram)
 *(.ccmram*)
                0x10000000                . = ALIGN (0x4)
                0x10000000                _eccmram = .
                0x10000000                . = ALIGN (0x4)

.bss            0x20000438     0x49ac
                0x20000438                _sbss = .
                0x20000438                __bss_start__ = _sbss
 *(.bss)
 .bss           0x20000438       0x1c /home/vikram/ST-Voice/freertos_cubemx_port/tc/bin/../lib/gcc/arm-none-eabi/5.3.1/armv7e-m/fpu/crtbegin.o
 *(.bss*)
 .bss.pxCurrentTCB
                0x20000454        0x4 build/os/tasks.o
                0x20000454                pxCurrentTCB
 .bss.pxReadyTasksLists
                0x20000458      0x460 build/os/tasks.o
 .bss.xDelayedTaskList1
                0x200008b8       0x14 build/os/tasks.o
 .bss.xDelayedTaskList2
                0x200008cc       0x14 build/os/tasks.o
 .bss.pxDelayedTaskList
                0x200008e0        0x4 build/os/tasks.o
 .bss.pxOverflowDelayedTaskList
                0x200008e4        0x4 build/os/tasks.o
 .bss.xPendingReadyList
                0x200008e8       0x14 build/os/tasks.o
 .bss.xTasksWaitingTermination
                0x200008fc       0x14 build/os/tasks.o
 .bss.uxDeletedTasksWaitingCleanUp
                0x20000910        0x4 build/os/tasks.o
 .bss.xSuspendedTaskList
                0x20000914       0x14 build/os/tasks.o
 .bss.uxCurrentNumberOfTasks
                0x20000928        0x4 build/os/tasks.o
 .bss.xTickCount
                0x2000092c        0x4 build/os/tasks.o
 .bss.uxTopReadyPriority
                0x20000930        0x4 build/os/tasks.o
 .bss.xSchedulerRunning
                0x20000934        0x4 build/os/tasks.o
 .bss.uxPendedTicks
                0x20000938        0x4 build/os/tasks.o
 .bss.xYieldPending
                0x2000093c        0x4 build/os/tasks.o
 .bss.xNumOfOverflows
                0x20000940        0x4 build/os/tasks.o
 .bss.uxTaskNumber
                0x20000944        0x4 build/os/tasks.o
 .bss.xNextTaskUnblockTime
                0x20000948        0x4 build/os/tasks.o
 .bss.xIdleTaskHandle
                0x2000094c        0x4 build/os/tasks.o
 .bss.uxSchedulerSuspended
                0x20000950        0x4 build/os/tasks.o
 .bss.xActiveTimerList1
                0x20000954       0x14 build/os/timers.o
 .bss.xActiveTimerList2
                0x20000968       0x14 build/os/timers.o
 .bss.pxCurrentTimerList
                0x2000097c        0x4 build/os/timers.o
 .bss.pxOverflowTimerList
                0x20000980        0x4 build/os/timers.o
 .bss.xTimerQueue
                0x20000984        0x4 build/os/timers.o
 .bss.xTimerTaskHandle
                0x20000988        0x4 build/os/timers.o
 .bss.xLastTime.5496
                0x2000098c        0x4 build/os/timers.o
 .bss.ucStaticTimerQueueStorage.5547
                0x20000990       0xa0 build/os/timers.o
 .bss.xStaticTimerQueue.5546
                0x20000a30       0x50 build/os/timers.o
 .bss.KernelState
                0x20000a80        0x4 build/os/CMSIS_RTOS_V2/cmsis_os2.o
 .bss.Idle_TCB  0x20000a84       0x5c build/os/CMSIS_RTOS_V2/cmsis_os2.o
 .bss.Idle_Stack
                0x20000ae0      0x200 build/os/CMSIS_RTOS_V2/cmsis_os2.o
 .bss.Timer_TCB
                0x20000ce0       0x5c build/os/CMSIS_RTOS_V2/cmsis_os2.o
 .bss.Timer_Stack
                0x20000d3c      0x400 build/os/CMSIS_RTOS_V2/cmsis_os2.o
 .bss.ucMaxSysCallPriority
                0x2000113c        0x1 build/os/portable/GCC/ARM_CM4F/port.o
 *fill*         0x2000113d        0x3 
 .bss.ulMaxPRIGROUPValue
                0x20001140        0x4 build/os/portable/GCC/ARM_CM4F/port.o
 .bss.ucHeap    0x20001144     0x3c00 build/os/portable/MemMang/heap_4.o
 .bss.xStart    0x20004d44        0x8 build/os/portable/MemMang/heap_4.o
 .bss.pxEnd     0x20004d4c        0x4 build/os/portable/MemMang/heap_4.o
 .bss.xFreeBytesRemaining
                0x20004d50        0x4 build/os/portable/MemMang/heap_4.o
 .bss.xMinimumEverFreeBytesRemaining
                0x20004d54        0x4 build/os/portable/MemMang/heap_4.o
 .bss.xBlockAllocatedBit
                0x20004d58        0x4 build/os/portable/MemMang/heap_4.o
 *(COMMON)
 COMMON         0x20004d5c        0x4 build/core/main.o
                0x20004d5c                defaultTaskHandle
 COMMON         0x20004d60       0x40 build/core/stm32f4xx_hal_timebase_tim.o
                0x20004d60                htim1
 COMMON         0x20004da0       0x40 build/os/queue.o
                0x20004da0                xQueueRegistry
 COMMON         0x20004de0        0x4 build/drivers/STM32F4xx_HAL_Driver/Src/stm32f4xx_hal.o
                0x20004de0                uwTick
                0x20004de4                . = ALIGN (0x4)
                0x20004de4                _ebss = .
                0x20004de4                __bss_end__ = _ebss

._user_heap_stack
                0x20004de4      0x604
                0x20004de8                . = ALIGN (0x8)
 *fill*         0x20004de4        0x4 
                [!provide]                PROVIDE (end, .)
                [!provide]                PROVIDE (_end, .)
                0x20004fe8                . = (. + _Min_Heap_Size)
 *fill*         0x20004de8      0x200 
                0x200053e8                . = (. + _Min_Stack_Size)
 *fill*         0x20004fe8      0x400 
                0x200053e8                . = ALIGN (0x8)

/DISCARD/
 libc.a(*)
 libm.a(*)
 libgcc.a(*)

.ARM.attributes
                0x00000000       0x30
 *(.ARM.attributes)
 .ARM.attributes
                0x00000000       0x22 /home/vikram/ST-Voice/freertos_cubemx_port/tc/bin/../lib/gcc/arm-none-eabi/5.3.1/armv7e-m/fpu/crti.o
 .ARM.attributes
                0x00000022       0x34 /home/vikram/ST-Voice/freertos_cubemx_port/tc/bin/../lib/gcc/arm-none-eabi/5.3.1/armv7e-m/fpu/crtbegin.o
 .ARM.attributes
                0x00000056       0x39 build/core/main.o
 .ARM.attributes
                0x0000008f       0x39 build/core/stm32f4xx_hal_msp.o
 .ARM.attributes
                0x000000c8       0x39 build/core/stm32f4xx_hal_timebase_tim.o
 .ARM.attributes
                0x00000101       0x39 build/core/stm32f4xx_it.o
 .ARM.attributes
                0x0000013a       0x39 build/core/system_stm32f4xx.o
 .ARM.attributes
                0x00000173       0x39 build/os/list.o
 .ARM.attributes
                0x000001ac       0x39 build/os/queue.o
 .ARM.attributes
                0x000001e5       0x39 build/os/tasks.o
 .ARM.attributes
                0x0000021e       0x39 build/os/timers.o
 .ARM.attributes
                0x00000257       0x39 build/os/CMSIS_RTOS_V2/cmsis_os2.o
 .ARM.attributes
                0x00000290       0x39 build/os/portable/GCC/ARM_CM4F/port.o
 .ARM.attributes
                0x000002c9       0x21 build/startup_stm32f407xx.o
 .ARM.attributes
                0x000002ea       0x39 build/drivers/STM32F4xx_HAL_Driver/Src/stm32f4xx_hal_rcc.o
 .ARM.attributes
                0x00000323       0x39 build/drivers/STM32F4xx_HAL_Driver/Src/stm32f4xx_hal_gpio.o
 .ARM.attributes
                0x0000035c       0x39 build/drivers/STM32F4xx_HAL_Driver/Src/stm32f4xx_hal_cortex.o
 .ARM.attributes
                0x00000395       0x39 build/drivers/STM32F4xx_HAL_Driver/Src/stm32f4xx_hal.o
 .ARM.attributes
                0x000003ce       0x39 build/drivers/STM32F4xx_HAL_Driver/Src/stm32f4xx_hal_tim.o
 .ARM.attributes
                0x00000407       0x39 build/drivers/STM32F4xx_HAL_Driver/Src/stm32f4xx_hal_tim_ex.o
 .ARM.attributes
                0x00000440       0x39 build/os/portable/MemMang/heap_4.o
 .ARM.attributes
                0x00000479       0x22 /home/vikram/ST-Voice/freertos_cubemx_port/tc/bin/../lib/gcc/arm-none-eabi/5.3.1/armv7e-m/fpu/crtn.o
LOAD /home/vikram/ST-Voice/freertos_cubemx_port/tc/bin/../lib/gcc/arm-none-eabi/5.3.1/../../../../arm-none-eabi/lib/armv7e-m/fpu/libc_nano.a
LOAD /home/vikram/ST-Voice/freertos_cubemx_port/tc/bin/../lib/gcc/arm-none-eabi/5.3.1/../../../../arm-none-eabi/lib/armv7e-m/fpu/libm.a
LOAD /home/vikram/ST-Voice/freertos_cubemx_port/tc/bin/../lib/gcc/arm-none-eabi/5.3.1/../../../../arm-none-eabi/lib/armv7e-m/fpu/libnosys.a
START GROUP
LOAD /home/vikram/ST-Voice/freertos_cubemx_port/tc/bin/../lib/gcc/arm-none-eabi/5.3.1/armv7e-m/fpu/libgcc.a
LOAD /home/vikram/ST-Voice/freertos_cubemx_port/tc/bin/../lib/gcc/arm-none-eabi/5.3.1/../../../../arm-none-eabi/lib/armv7e-m/fpu/libc_nano.a
END GROUP
START GROUP
LOAD /home/vikram/ST-Voice/freertos_cubemx_port/tc/bin/../lib/gcc/arm-none-eabi/5.3.1/armv7e-m/fpu/libgcc.a
LOAD /home/vikram/ST-Voice/freertos_cubemx_port/tc/bin/../lib/gcc/arm-none-eabi/5.3.1/../../../../arm-none-eabi/lib/armv7e-m/fpu/libc_nano.a
END GROUP
LOAD /home/vikram/ST-Voice/freertos_cubemx_port/tc/bin/../lib/gcc/arm-none-eabi/5.3.1/armv7e-m/fpu/crtend.o
LOAD /home/vikram/ST-Voice/freertos_cubemx_port/tc/bin/../lib/gcc/arm-none-eabi/5.3.1/armv7e-m/fpu/crtn.o
OUTPUT(build/freertos_stm32.elf elf32-littlearm)

.comment        0x00000000       0x6e
 .comment       0x00000000       0x6e build/core/main.o
                                 0x6f (size before relaxing)
 .comment       0x0000006e       0x6f build/core/stm32f4xx_hal_msp.o
 .comment       0x0000006e       0x6f build/core/stm32f4xx_hal_timebase_tim.o
 .comment       0x0000006e       0x6f build/core/stm32f4xx_it.o
 .comment       0x0000006e       0x6f build/core/system_stm32f4xx.o
 .comment       0x0000006e       0x6f build/os/list.o
 .comment       0x0000006e       0x6f build/os/queue.o
 .comment       0x0000006e       0x6f build/os/tasks.o
 .comment       0x0000006e       0x6f build/os/timers.o
 .comment       0x0000006e       0x6f build/os/CMSIS_RTOS_V2/cmsis_os2.o
 .comment       0x0000006e       0x6f build/os/portable/GCC/ARM_CM4F/port.o
 .comment       0x0000006e       0x6f build/drivers/STM32F4xx_HAL_Driver/Src/stm32f4xx_hal_rcc.o
 .comment       0x0000006e       0x6f build/drivers/STM32F4xx_HAL_Driver/Src/stm32f4xx_hal_gpio.o
 .comment       0x0000006e       0x6f build/drivers/STM32F4xx_HAL_Driver/Src/stm32f4xx_hal_cortex.o
 .comment       0x0000006e       0x6f build/drivers/STM32F4xx_HAL_Driver/Src/stm32f4xx_hal.o
 .comment       0x0000006e       0x6f build/drivers/STM32F4xx_HAL_Driver/Src/stm32f4xx_hal_tim.o
 .comment       0x0000006e       0x6f build/drivers/STM32F4xx_HAL_Driver/Src/stm32f4xx_hal_tim_ex.o
 .comment       0x0000006e       0x6f build/os/portable/MemMang/heap_4.o

Cross Reference Table

Symbol                                            File
ADC_IRQHandler                                    build/startup_stm32f407xx.o
AHBPrescTable                                     build/core/system_stm32f4xx.o
                                                  build/drivers/STM32F4xx_HAL_Driver/Src/stm32f4xx_hal_rcc.o
APBPrescTable                                     build/core/system_stm32f4xx.o
                                                  build/drivers/STM32F4xx_HAL_Driver/Src/stm32f4xx_hal_rcc.o
BusFault_Handler                                  build/core/stm32f4xx_it.o
CAN1_RX0_IRQHandler                               build/startup_stm32f407xx.o
CAN1_RX1_IRQHandler                               build/startup_stm32f407xx.o
CAN1_SCE_IRQHandler                               build/startup_stm32f407xx.o
CAN1_TX_IRQHandler                                build/startup_stm32f407xx.o
CAN2_RX0_IRQHandler                               build/startup_stm32f407xx.o
CAN2_RX1_IRQHandler                               build/startup_stm32f407xx.o
CAN2_SCE_IRQHandler                               build/startup_stm32f407xx.o
CAN2_TX_IRQHandler                                build/startup_stm32f407xx.o
DCMI_IRQHandler                                   build/startup_stm32f407xx.o
DMA1_Stream0_IRQHandler                           build/startup_stm32f407xx.o
DMA1_Stream1_IRQHandler                           build/startup_stm32f407xx.o
DMA1_Stream2_IRQHandler                           build/startup_stm32f407xx.o
DMA1_Stream3_IRQHandler                           build/startup_stm32f407xx.o
DMA1_Stream4_IRQHandler                           build/startup_stm32f407xx.o
DMA1_Stream5_IRQHandler                           build/startup_stm32f407xx.o
DMA1_Stream6_IRQHandler                           build/startup_stm32f407xx.o
DMA1_Stream7_IRQHandler                           build/startup_stm32f407xx.o
DMA2_Stream0_IRQHandler                           build/startup_stm32f407xx.o
DMA2_Stream1_IRQHandler                           build/startup_stm32f407xx.o
DMA2_Stream2_IRQHandler                           build/startup_stm32f407xx.o
DMA2_Stream3_IRQHandler                           build/startup_stm32f407xx.o
DMA2_Stream4_IRQHandler                           build/startup_stm32f407xx.o
DMA2_Stream5_IRQHandler                           build/startup_stm32f407xx.o
DMA2_Stream6_IRQHandler                           build/startup_stm32f407xx.o
DMA2_Stream7_IRQHandler                           build/startup_stm32f407xx.o
DebugMon_Handler                                  build/core/stm32f4xx_it.o
Default_Handler                                   build/startup_stm32f407xx.o
ETH_IRQHandler                                    build/startup_stm32f407xx.o
ETH_WKUP_IRQHandler                               build/startup_stm32f407xx.o
EXTI0_IRQHandler                                  build/startup_stm32f407xx.o
EXTI15_10_IRQHandler                              build/startup_stm32f407xx.o
EXTI1_IRQHandler                                  build/startup_stm32f407xx.o
EXTI2_IRQHandler                                  build/startup_stm32f407xx.o
EXTI3_IRQHandler                                  build/startup_stm32f407xx.o
EXTI4_IRQHandler                                  build/startup_stm32f407xx.o
EXTI9_5_IRQHandler                                build/startup_stm32f407xx.o
Error_Handler                                     build/core/main.o
FLASH_Erase_Sector                                build/drivers/STM32F4xx_HAL_Driver/Src/stm32f4xx_hal_flash_ex.o
                                                  build/drivers/STM32F4xx_HAL_Driver/Src/stm32f4xx_hal_flash.o
FLASH_FlushCaches                                 build/drivers/STM32F4xx_HAL_Driver/Src/stm32f4xx_hal_flash_ex.o
                                                  build/drivers/STM32F4xx_HAL_Driver/Src/stm32f4xx_hal_flash.o
FLASH_IRQHandler                                  build/startup_stm32f407xx.o
FLASH_WaitForLastOperation                        build/drivers/STM32F4xx_HAL_Driver/Src/stm32f4xx_hal_flash.o
                                                  build/drivers/STM32F4xx_HAL_Driver/Src/stm32f4xx_hal_flash_ex.o
FPU_IRQHandler                                    build/startup_stm32f407xx.o
FSMC_IRQHandler                                   build/startup_stm32f407xx.o
HAL_DBGMCU_DisableDBGSleepMode                    build/drivers/STM32F4xx_HAL_Driver/Src/stm32f4xx_hal.o
HAL_DBGMCU_DisableDBGStandbyMode                  build/drivers/STM32F4xx_HAL_Driver/Src/stm32f4xx_hal.o
HAL_DBGMCU_DisableDBGStopMode                     build/drivers/STM32F4xx_HAL_Driver/Src/stm32f4xx_hal.o
HAL_DBGMCU_EnableDBGSleepMode                     build/drivers/STM32F4xx_HAL_Driver/Src/stm32f4xx_hal.o
HAL_DBGMCU_EnableDBGStandbyMode                   build/drivers/STM32F4xx_HAL_Driver/Src/stm32f4xx_hal.o
HAL_DBGMCU_EnableDBGStopMode                      build/drivers/STM32F4xx_HAL_Driver/Src/stm32f4xx_hal.o
HAL_DMAEx_ChangeMemory                            build/drivers/STM32F4xx_HAL_Driver/Src/stm32f4xx_hal_dma_ex.o
HAL_DMAEx_MultiBufferStart                        build/drivers/STM32F4xx_HAL_Driver/Src/stm32f4xx_hal_dma_ex.o
HAL_DMAEx_MultiBufferStart_IT                     build/drivers/STM32F4xx_HAL_Driver/Src/stm32f4xx_hal_dma_ex.o
HAL_DMA_Abort                                     build/drivers/STM32F4xx_HAL_Driver/Src/stm32f4xx_hal_dma.o
HAL_DMA_Abort_IT                                  build/drivers/STM32F4xx_HAL_Driver/Src/stm32f4xx_hal_dma.o
                                                  build/drivers/STM32F4xx_HAL_Driver/Src/stm32f4xx_hal_tim_ex.o
                                                  build/drivers/STM32F4xx_HAL_Driver/Src/stm32f4xx_hal_tim.o
HAL_DMA_DeInit                                    build/drivers/STM32F4xx_HAL_Driver/Src/stm32f4xx_hal_dma.o
HAL_DMA_GetError                                  build/drivers/STM32F4xx_HAL_Driver/Src/stm32f4xx_hal_dma.o
HAL_DMA_GetState                                  build/drivers/STM32F4xx_HAL_Driver/Src/stm32f4xx_hal_dma.o
HAL_DMA_IRQHandler                                build/drivers/STM32F4xx_HAL_Driver/Src/stm32f4xx_hal_dma.o
HAL_DMA_Init                                      build/drivers/STM32F4xx_HAL_Driver/Src/stm32f4xx_hal_dma.o
HAL_DMA_PollForTransfer                           build/drivers/STM32F4xx_HAL_Driver/Src/stm32f4xx_hal_dma.o
HAL_DMA_RegisterCallback                          build/drivers/STM32F4xx_HAL_Driver/Src/stm32f4xx_hal_dma.o
HAL_DMA_Start                                     build/drivers/STM32F4xx_HAL_Driver/Src/stm32f4xx_hal_dma.o
HAL_DMA_Start_IT                                  build/drivers/STM32F4xx_HAL_Driver/Src/stm32f4xx_hal_dma.o
                                                  build/drivers/STM32F4xx_HAL_Driver/Src/stm32f4xx_hal_tim_ex.o
                                                  build/drivers/STM32F4xx_HAL_Driver/Src/stm32f4xx_hal_tim.o
HAL_DMA_UnRegisterCallback                        build/drivers/STM32F4xx_HAL_Driver/Src/stm32f4xx_hal_dma.o
HAL_DeInit                                        build/drivers/STM32F4xx_HAL_Driver/Src/stm32f4xx_hal.o
HAL_Delay                                         build/drivers/STM32F4xx_HAL_Driver/Src/stm32f4xx_hal.o
HAL_DisableCompensationCell                       build/drivers/STM32F4xx_HAL_Driver/Src/stm32f4xx_hal.o
HAL_EXTI_ClearConfigLine                          build/drivers/STM32F4xx_HAL_Driver/Src/stm32f4xx_hal_exti.o
HAL_EXTI_ClearPending                             build/drivers/STM32F4xx_HAL_Driver/Src/stm32f4xx_hal_exti.o
HAL_EXTI_GenerateSWI                              build/drivers/STM32F4xx_HAL_Driver/Src/stm32f4xx_hal_exti.o
HAL_EXTI_GetConfigLine                            build/drivers/STM32F4xx_HAL_Driver/Src/stm32f4xx_hal_exti.o
HAL_EXTI_GetHandle                                build/drivers/STM32F4xx_HAL_Driver/Src/stm32f4xx_hal_exti.o
HAL_EXTI_GetPending                               build/drivers/STM32F4xx_HAL_Driver/Src/stm32f4xx_hal_exti.o
HAL_EXTI_IRQHandler                               build/drivers/STM32F4xx_HAL_Driver/Src/stm32f4xx_hal_exti.o
HAL_EXTI_RegisterCallback                         build/drivers/STM32F4xx_HAL_Driver/Src/stm32f4xx_hal_exti.o
HAL_EXTI_SetConfigLine                            build/drivers/STM32F4xx_HAL_Driver/Src/stm32f4xx_hal_exti.o
HAL_EnableCompensationCell                        build/drivers/STM32F4xx_HAL_Driver/Src/stm32f4xx_hal.o
HAL_FLASHEx_Erase                                 build/drivers/STM32F4xx_HAL_Driver/Src/stm32f4xx_hal_flash_ex.o
HAL_FLASHEx_Erase_IT                              build/drivers/STM32F4xx_HAL_Driver/Src/stm32f4xx_hal_flash_ex.o
HAL_FLASHEx_OBGetConfig                           build/drivers/STM32F4xx_HAL_Driver/Src/stm32f4xx_hal_flash_ex.o
HAL_FLASHEx_OBProgram                             build/drivers/STM32F4xx_HAL_Driver/Src/stm32f4xx_hal_flash_ex.o
HAL_FLASH_EndOfOperationCallback                  build/drivers/STM32F4xx_HAL_Driver/Src/stm32f4xx_hal_flash.o
HAL_FLASH_GetError                                build/drivers/STM32F4xx_HAL_Driver/Src/stm32f4xx_hal_flash.o
HAL_FLASH_IRQHandler                              build/drivers/STM32F4xx_HAL_Driver/Src/stm32f4xx_hal_flash.o
HAL_FLASH_Lock                                    build/drivers/STM32F4xx_HAL_Driver/Src/stm32f4xx_hal_flash.o
HAL_FLASH_OB_Launch                               build/drivers/STM32F4xx_HAL_Driver/Src/stm32f4xx_hal_flash.o
HAL_FLASH_OB_Lock                                 build/drivers/STM32F4xx_HAL_Driver/Src/stm32f4xx_hal_flash.o
HAL_FLASH_OB_Unlock                               build/drivers/STM32F4xx_HAL_Driver/Src/stm32f4xx_hal_flash.o
HAL_FLASH_OperationErrorCallback                  build/drivers/STM32F4xx_HAL_Driver/Src/stm32f4xx_hal_flash.o
HAL_FLASH_Program                                 build/drivers/STM32F4xx_HAL_Driver/Src/stm32f4xx_hal_flash.o
HAL_FLASH_Program_IT                              build/drivers/STM32F4xx_HAL_Driver/Src/stm32f4xx_hal_flash.o
HAL_FLASH_Unlock                                  build/drivers/STM32F4xx_HAL_Driver/Src/stm32f4xx_hal_flash.o
HAL_GPIO_DeInit                                   build/drivers/STM32F4xx_HAL_Driver/Src/stm32f4xx_hal_gpio.o
HAL_GPIO_EXTI_Callback                            build/drivers/STM32F4xx_HAL_Driver/Src/stm32f4xx_hal_gpio.o
HAL_GPIO_EXTI_IRQHandler                          build/drivers/STM32F4xx_HAL_Driver/Src/stm32f4xx_hal_gpio.o
HAL_GPIO_Init                                     build/drivers/STM32F4xx_HAL_Driver/Src/stm32f4xx_hal_gpio.o
                                                  build/drivers/STM32F4xx_HAL_Driver/Src/stm32f4xx_hal_rcc.o
                                                  build/core/main.o
HAL_GPIO_LockPin                                  build/drivers/STM32F4xx_HAL_Driver/Src/stm32f4xx_hal_gpio.o
HAL_GPIO_ReadPin                                  build/drivers/STM32F4xx_HAL_Driver/Src/stm32f4xx_hal_gpio.o
HAL_GPIO_TogglePin                                build/drivers/STM32F4xx_HAL_Driver/Src/stm32f4xx_hal_gpio.o
HAL_GPIO_WritePin                                 build/drivers/STM32F4xx_HAL_Driver/Src/stm32f4xx_hal_gpio.o
                                                  build/core/main.o
HAL_GetDEVID                                      build/drivers/STM32F4xx_HAL_Driver/Src/stm32f4xx_hal.o
HAL_GetHalVersion                                 build/drivers/STM32F4xx_HAL_Driver/Src/stm32f4xx_hal.o
HAL_GetREVID                                      build/drivers/STM32F4xx_HAL_Driver/Src/stm32f4xx_hal.o
HAL_GetTick                                       build/drivers/STM32F4xx_HAL_Driver/Src/stm32f4xx_hal.o
                                                  build/drivers/STM32F4xx_HAL_Driver/Src/stm32f4xx_hal_pwr_ex.o
                                                  build/drivers/STM32F4xx_HAL_Driver/Src/stm32f4xx_hal_dma.o
                                                  build/drivers/STM32F4xx_HAL_Driver/Src/stm32f4xx_hal_flash.o
                                                  build/drivers/STM32F4xx_HAL_Driver/Src/stm32f4xx_hal_rcc_ex.o
                                                  build/drivers/STM32F4xx_HAL_Driver/Src/stm32f4xx_hal_rcc.o
HAL_GetTickFreq                                   build/drivers/STM32F4xx_HAL_Driver/Src/stm32f4xx_hal.o
HAL_GetTickPrio                                   build/drivers/STM32F4xx_HAL_Driver/Src/stm32f4xx_hal.o
HAL_GetUIDw0                                      build/drivers/STM32F4xx_HAL_Driver/Src/stm32f4xx_hal.o
HAL_GetUIDw1                                      build/drivers/STM32F4xx_HAL_Driver/Src/stm32f4xx_hal.o
HAL_GetUIDw2                                      build/drivers/STM32F4xx_HAL_Driver/Src/stm32f4xx_hal.o
HAL_IncTick                                       build/drivers/STM32F4xx_HAL_Driver/Src/stm32f4xx_hal.o
                                                  build/core/main.o
HAL_Init                                          build/drivers/STM32F4xx_HAL_Driver/Src/stm32f4xx_hal.o
                                                  build/core/main.o
HAL_InitTick                                      build/core/stm32f4xx_hal_timebase_tim.o
                                                  build/drivers/STM32F4xx_HAL_Driver/Src/stm32f4xx_hal_rcc_ex.o
                                                  build/drivers/STM32F4xx_HAL_Driver/Src/stm32f4xx_hal_rcc.o
HAL_MPU_ConfigRegion                              build/drivers/STM32F4xx_HAL_Driver/Src/stm32f4xx_hal_cortex.o
HAL_MPU_Disable                                   build/drivers/STM32F4xx_HAL_Driver/Src/stm32f4xx_hal_cortex.o
HAL_MPU_Enable                                    build/drivers/STM32F4xx_HAL_Driver/Src/stm32f4xx_hal_cortex.o
HAL_MspDeInit                                     build/drivers/STM32F4xx_HAL_Driver/Src/stm32f4xx_hal.o
HAL_MspInit                                       build/core/stm32f4xx_hal_msp.o
HAL_NVIC_ClearPendingIRQ                          build/drivers/STM32F4xx_HAL_Driver/Src/stm32f4xx_hal_cortex.o
HAL_NVIC_DisableIRQ                               build/drivers/STM32F4xx_HAL_Driver/Src/stm32f4xx_hal_cortex.o
HAL_NVIC_EnableIRQ                                build/drivers/STM32F4xx_HAL_Driver/Src/stm32f4xx_hal_cortex.o
                                                  build/core/stm32f4xx_hal_timebase_tim.o
HAL_NVIC_GetActive                                build/drivers/STM32F4xx_HAL_Driver/Src/stm32f4xx_hal_cortex.o
HAL_NVIC_GetPendingIRQ                            build/drivers/STM32F4xx_HAL_Driver/Src/stm32f4xx_hal_cortex.o
HAL_NVIC_GetPriority                              build/drivers/STM32F4xx_HAL_Driver/Src/stm32f4xx_hal_cortex.o
HAL_NVIC_GetPriorityGrouping                      build/drivers/STM32F4xx_HAL_Driver/Src/stm32f4xx_hal_cortex.o
HAL_NVIC_SetPendingIRQ                            build/drivers/STM32F4xx_HAL_Driver/Src/stm32f4xx_hal_cortex.o
HAL_NVIC_SetPriority                              build/drivers/STM32F4xx_HAL_Driver/Src/stm32f4xx_hal_cortex.o
                                                  build/drivers/STM32F4xx_HAL_Driver/Src/stm32f4xx_hal.o
                                                  build/core/stm32f4xx_hal_timebase_tim.o
                                                  build/core/stm32f4xx_hal_msp.o
HAL_NVIC_SetPriorityGrouping                      build/drivers/STM32F4xx_HAL_Driver/Src/stm32f4xx_hal_cortex.o
                                                  build/drivers/STM32F4xx_HAL_Driver/Src/stm32f4xx_hal.o
HAL_NVIC_SystemReset                              build/drivers/STM32F4xx_HAL_Driver/Src/stm32f4xx_hal_cortex.o
HAL_PWREx_ControlVoltageScaling                   build/drivers/STM32F4xx_HAL_Driver/Src/stm32f4xx_hal_pwr_ex.o
HAL_PWREx_DisableBkUpReg                          build/drivers/STM32F4xx_HAL_Driver/Src/stm32f4xx_hal_pwr_ex.o
HAL_PWREx_DisableFlashPowerDown                   build/drivers/STM32F4xx_HAL_Driver/Src/stm32f4xx_hal_pwr_ex.o
HAL_PWREx_EnableBkUpReg                           build/drivers/STM32F4xx_HAL_Driver/Src/stm32f4xx_hal_pwr_ex.o
HAL_PWREx_EnableFlashPowerDown                    build/drivers/STM32F4xx_HAL_Driver/Src/stm32f4xx_hal_pwr_ex.o
HAL_PWREx_GetVoltageRange                         build/drivers/STM32F4xx_HAL_Driver/Src/stm32f4xx_hal_pwr_ex.o
HAL_PWR_ConfigPVD                                 build/drivers/STM32F4xx_HAL_Driver/Src/stm32f4xx_hal_pwr.o
HAL_PWR_DeInit                                    build/drivers/STM32F4xx_HAL_Driver/Src/stm32f4xx_hal_pwr.o
HAL_PWR_DisableBkUpAccess                         build/drivers/STM32F4xx_HAL_Driver/Src/stm32f4xx_hal_pwr.o
HAL_PWR_DisablePVD                                build/drivers/STM32F4xx_HAL_Driver/Src/stm32f4xx_hal_pwr.o
HAL_PWR_DisableSEVOnPend                          build/drivers/STM32F4xx_HAL_Driver/Src/stm32f4xx_hal_pwr.o
HAL_PWR_DisableSleepOnExit                        build/drivers/STM32F4xx_HAL_Driver/Src/stm32f4xx_hal_pwr.o
HAL_PWR_DisableWakeUpPin                          build/drivers/STM32F4xx_HAL_Driver/Src/stm32f4xx_hal_pwr.o
HAL_PWR_EnableBkUpAccess                          build/drivers/STM32F4xx_HAL_Driver/Src/stm32f4xx_hal_pwr.o
HAL_PWR_EnablePVD                                 build/drivers/STM32F4xx_HAL_Driver/Src/stm32f4xx_hal_pwr.o
HAL_PWR_EnableSEVOnPend                           build/drivers/STM32F4xx_HAL_Driver/Src/stm32f4xx_hal_pwr.o
HAL_PWR_EnableSleepOnExit                         build/drivers/STM32F4xx_HAL_Driver/Src/stm32f4xx_hal_pwr.o
HAL_PWR_EnableWakeUpPin                           build/drivers/STM32F4xx_HAL_Driver/Src/stm32f4xx_hal_pwr.o
HAL_PWR_EnterSLEEPMode                            build/drivers/STM32F4xx_HAL_Driver/Src/stm32f4xx_hal_pwr.o
HAL_PWR_EnterSTANDBYMode                          build/drivers/STM32F4xx_HAL_Driver/Src/stm32f4xx_hal_pwr.o
HAL_PWR_EnterSTOPMode                             build/drivers/STM32F4xx_HAL_Driver/Src/stm32f4xx_hal_pwr.o
HAL_PWR_PVDCallback                               build/drivers/STM32F4xx_HAL_Driver/Src/stm32f4xx_hal_pwr.o
HAL_PWR_PVD_IRQHandler                            build/drivers/STM32F4xx_HAL_Driver/Src/stm32f4xx_hal_pwr.o
HAL_RCCEx_DisablePLLI2S                           build/drivers/STM32F4xx_HAL_Driver/Src/stm32f4xx_hal_rcc_ex.o
HAL_RCCEx_EnablePLLI2S                            build/drivers/STM32F4xx_HAL_Driver/Src/stm32f4xx_hal_rcc_ex.o
HAL_RCCEx_GetPeriphCLKConfig                      build/drivers/STM32F4xx_HAL_Driver/Src/stm32f4xx_hal_rcc_ex.o
HAL_RCCEx_GetPeriphCLKFreq                        build/drivers/STM32F4xx_HAL_Driver/Src/stm32f4xx_hal_rcc_ex.o
HAL_RCCEx_PeriphCLKConfig                         build/drivers/STM32F4xx_HAL_Driver/Src/stm32f4xx_hal_rcc_ex.o
HAL_RCC_CSSCallback                               build/drivers/STM32F4xx_HAL_Driver/Src/stm32f4xx_hal_rcc.o
HAL_RCC_ClockConfig                               build/drivers/STM32F4xx_HAL_Driver/Src/stm32f4xx_hal_rcc.o
                                                  build/core/main.o
HAL_RCC_DeInit                                    build/drivers/STM32F4xx_HAL_Driver/Src/stm32f4xx_hal_rcc_ex.o
                                                  build/drivers/STM32F4xx_HAL_Driver/Src/stm32f4xx_hal_rcc.o
HAL_RCC_DisableCSS                                build/drivers/STM32F4xx_HAL_Driver/Src/stm32f4xx_hal_rcc.o
HAL_RCC_EnableCSS                                 build/drivers/STM32F4xx_HAL_Driver/Src/stm32f4xx_hal_rcc.o
HAL_RCC_GetClockConfig                            build/drivers/STM32F4xx_HAL_Driver/Src/stm32f4xx_hal_rcc.o
                                                  build/core/stm32f4xx_hal_timebase_tim.o
HAL_RCC_GetHCLKFreq                               build/drivers/STM32F4xx_HAL_Driver/Src/stm32f4xx_hal_rcc.o
HAL_RCC_GetOscConfig                              build/drivers/STM32F4xx_HAL_Driver/Src/stm32f4xx_hal_rcc.o
HAL_RCC_GetPCLK1Freq                              build/drivers/STM32F4xx_HAL_Driver/Src/stm32f4xx_hal_rcc.o
HAL_RCC_GetPCLK2Freq                              build/drivers/STM32F4xx_HAL_Driver/Src/stm32f4xx_hal_rcc.o
                                                  build/core/stm32f4xx_hal_timebase_tim.o
HAL_RCC_GetSysClockFreq                           build/drivers/STM32F4xx_HAL_Driver/Src/stm32f4xx_hal_rcc.o
HAL_RCC_MCOConfig                                 build/drivers/STM32F4xx_HAL_Driver/Src/stm32f4xx_hal_rcc.o
HAL_RCC_NMI_IRQHandler                            build/drivers/STM32F4xx_HAL_Driver/Src/stm32f4xx_hal_rcc.o
HAL_RCC_OscConfig                                 build/drivers/STM32F4xx_HAL_Driver/Src/stm32f4xx_hal_rcc.o
                                                  build/core/main.o
HAL_ResumeTick                                    build/core/stm32f4xx_hal_timebase_tim.o
HAL_SYSTICK_CLKSourceConfig                       build/drivers/STM32F4xx_HAL_Driver/Src/stm32f4xx_hal_cortex.o
HAL_SYSTICK_Callback                              build/drivers/STM32F4xx_HAL_Driver/Src/stm32f4xx_hal_cortex.o
HAL_SYSTICK_Config                                build/drivers/STM32F4xx_HAL_Driver/Src/stm32f4xx_hal_cortex.o
                                                  build/drivers/STM32F4xx_HAL_Driver/Src/stm32f4xx_hal.o
HAL_SYSTICK_IRQHandler                            build/drivers/STM32F4xx_HAL_Driver/Src/stm32f4xx_hal_cortex.o
HAL_SetTickFreq                                   build/drivers/STM32F4xx_HAL_Driver/Src/stm32f4xx_hal.o
HAL_SuspendTick                                   build/core/stm32f4xx_hal_timebase_tim.o
HAL_TIMEx_BreakCallback                           build/drivers/STM32F4xx_HAL_Driver/Src/stm32f4xx_hal_tim_ex.o
                                                  build/drivers/STM32F4xx_HAL_Driver/Src/stm32f4xx_hal_tim.o
HAL_TIMEx_CommutCallback                          build/drivers/STM32F4xx_HAL_Driver/Src/stm32f4xx_hal_tim_ex.o
                                                  build/drivers/STM32F4xx_HAL_Driver/Src/stm32f4xx_hal_tim.o
HAL_TIMEx_CommutHalfCpltCallback                  build/drivers/STM32F4xx_HAL_Driver/Src/stm32f4xx_hal_tim_ex.o
HAL_TIMEx_ConfigBreakDeadTime                     build/drivers/STM32F4xx_HAL_Driver/Src/stm32f4xx_hal_tim_ex.o
HAL_TIMEx_ConfigCommutEvent                       build/drivers/STM32F4xx_HAL_Driver/Src/stm32f4xx_hal_tim_ex.o
HAL_TIMEx_ConfigCommutEvent_DMA                   build/drivers/STM32F4xx_HAL_Driver/Src/stm32f4xx_hal_tim_ex.o
HAL_TIMEx_ConfigCommutEvent_IT                    build/drivers/STM32F4xx_HAL_Driver/Src/stm32f4xx_hal_tim_ex.o
HAL_TIMEx_HallSensor_DeInit                       build/drivers/STM32F4xx_HAL_Driver/Src/stm32f4xx_hal_tim_ex.o
HAL_TIMEx_HallSensor_GetState                     build/drivers/STM32F4xx_HAL_Driver/Src/stm32f4xx_hal_tim_ex.o
HAL_TIMEx_HallSensor_Init                         build/drivers/STM32F4xx_HAL_Driver/Src/stm32f4xx_hal_tim_ex.o
HAL_TIMEx_HallSensor_MspDeInit                    build/drivers/STM32F4xx_HAL_Driver/Src/stm32f4xx_hal_tim_ex.o
HAL_TIMEx_HallSensor_MspInit                      build/drivers/STM32F4xx_HAL_Driver/Src/stm32f4xx_hal_tim_ex.o
HAL_TIMEx_HallSensor_Start                        build/drivers/STM32F4xx_HAL_Driver/Src/stm32f4xx_hal_tim_ex.o
HAL_TIMEx_HallSensor_Start_DMA                    build/drivers/STM32F4xx_HAL_Driver/Src/stm32f4xx_hal_tim_ex.o
HAL_TIMEx_HallSensor_Start_IT                     build/drivers/STM32F4xx_HAL_Driver/Src/stm32f4xx_hal_tim_ex.o
HAL_TIMEx_HallSensor_Stop                         build/drivers/STM32F4xx_HAL_Driver/Src/stm32f4xx_hal_tim_ex.o
HAL_TIMEx_HallSensor_Stop_DMA                     build/drivers/STM32F4xx_HAL_Driver/Src/stm32f4xx_hal_tim_ex.o
HAL_TIMEx_HallSensor_Stop_IT                      build/drivers/STM32F4xx_HAL_Driver/Src/stm32f4xx_hal_tim_ex.o
HAL_TIMEx_MasterConfigSynchronization             build/drivers/STM32F4xx_HAL_Driver/Src/stm32f4xx_hal_tim_ex.o
HAL_TIMEx_OCN_Start                               build/drivers/STM32F4xx_HAL_Driver/Src/stm32f4xx_hal_tim_ex.o
HAL_TIMEx_OCN_Start_DMA                           build/drivers/STM32F4xx_HAL_Driver/Src/stm32f4xx_hal_tim_ex.o
HAL_TIMEx_OCN_Start_IT                            build/drivers/STM32F4xx_HAL_Driver/Src/stm32f4xx_hal_tim_ex.o
HAL_TIMEx_OCN_Stop                                build/drivers/STM32F4xx_HAL_Driver/Src/stm32f4xx_hal_tim_ex.o
HAL_TIMEx_OCN_Stop_DMA                            build/drivers/STM32F4xx_HAL_Driver/Src/stm32f4xx_hal_tim_ex.o
HAL_TIMEx_OCN_Stop_IT                             build/drivers/STM32F4xx_HAL_Driver/Src/stm32f4xx_hal_tim_ex.o
HAL_TIMEx_OnePulseN_Start                         build/drivers/STM32F4xx_HAL_Driver/Src/stm32f4xx_hal_tim_ex.o
HAL_TIMEx_OnePulseN_Start_IT                      build/drivers/STM32F4xx_HAL_Driver/Src/stm32f4xx_hal_tim_ex.o
HAL_TIMEx_OnePulseN_Stop                          build/drivers/STM32F4xx_HAL_Driver/Src/stm32f4xx_hal_tim_ex.o
HAL_TIMEx_OnePulseN_Stop_IT                       build/drivers/STM32F4xx_HAL_Driver/Src/stm32f4xx_hal_tim_ex.o
HAL_TIMEx_PWMN_Start                              build/drivers/STM32F4xx_HAL_Driver/Src/stm32f4xx_hal_tim_ex.o
HAL_TIMEx_PWMN_Start_DMA                          build/drivers/STM32F4xx_HAL_Driver/Src/stm32f4xx_hal_tim_ex.o
HAL_TIMEx_PWMN_Start_IT                           build/drivers/STM32F4xx_HAL_Driver/Src/stm32f4xx_hal_tim_ex.o
HAL_TIMEx_PWMN_Stop                               build/drivers/STM32F4xx_HAL_Driver/Src/stm32f4xx_hal_tim_ex.o
HAL_TIMEx_PWMN_Stop_DMA                           build/drivers/STM32F4xx_HAL_Driver/Src/stm32f4xx_hal_tim_ex.o
HAL_TIMEx_PWMN_Stop_IT                            build/drivers/STM32F4xx_HAL_Driver/Src/stm32f4xx_hal_tim_ex.o
HAL_TIMEx_RemapConfig                             build/drivers/STM32F4xx_HAL_Driver/Src/stm32f4xx_hal_tim_ex.o
HAL_TIM_Base_DeInit                               build/drivers/STM32F4xx_HAL_Driver/Src/stm32f4xx_hal_tim.o
HAL_TIM_Base_GetState                             build/drivers/STM32F4xx_HAL_Driver/Src/stm32f4xx_hal_tim.o
HAL_TIM_Base_Init                                 build/drivers/STM32F4xx_HAL_Driver/Src/stm32f4xx_hal_tim.o
                                                  build/core/stm32f4xx_hal_timebase_tim.o
HAL_TIM_Base_MspDeInit                            build/drivers/STM32F4xx_HAL_Driver/Src/stm32f4xx_hal_tim.o
HAL_TIM_Base_MspInit                              build/drivers/STM32F4xx_HAL_Driver/Src/stm32f4xx_hal_tim.o
HAL_TIM_Base_Start                                build/drivers/STM32F4xx_HAL_Driver/Src/stm32f4xx_hal_tim.o
HAL_TIM_Base_Start_DMA                            build/drivers/STM32F4xx_HAL_Driver/Src/stm32f4xx_hal_tim.o
HAL_TIM_Base_Start_IT                             build/drivers/STM32F4xx_HAL_Driver/Src/stm32f4xx_hal_tim.o
                                                  build/core/stm32f4xx_hal_timebase_tim.o
HAL_TIM_Base_Stop                                 build/drivers/STM32F4xx_HAL_Driver/Src/stm32f4xx_hal_tim.o
HAL_TIM_Base_Stop_DMA                             build/drivers/STM32F4xx_HAL_Driver/Src/stm32f4xx_hal_tim.o
HAL_TIM_Base_Stop_IT                              build/drivers/STM32F4xx_HAL_Driver/Src/stm32f4xx_hal_tim.o
HAL_TIM_ConfigClockSource                         build/drivers/STM32F4xx_HAL_Driver/Src/stm32f4xx_hal_tim.o
HAL_TIM_ConfigOCrefClear                          build/drivers/STM32F4xx_HAL_Driver/Src/stm32f4xx_hal_tim.o
HAL_TIM_ConfigTI1Input                            build/drivers/STM32F4xx_HAL_Driver/Src/stm32f4xx_hal_tim.o
HAL_TIM_DMABurst_ReadStart                        build/drivers/STM32F4xx_HAL_Driver/Src/stm32f4xx_hal_tim.o
HAL_TIM_DMABurst_ReadStop                         build/drivers/STM32F4xx_HAL_Driver/Src/stm32f4xx_hal_tim.o
HAL_TIM_DMABurst_WriteStart                       build/drivers/STM32F4xx_HAL_Driver/Src/stm32f4xx_hal_tim.o
HAL_TIM_DMABurst_WriteStop                        build/drivers/STM32F4xx_HAL_Driver/Src/stm32f4xx_hal_tim.o
HAL_TIM_Encoder_DeInit                            build/drivers/STM32F4xx_HAL_Driver/Src/stm32f4xx_hal_tim.o
HAL_TIM_Encoder_GetState                          build/drivers/STM32F4xx_HAL_Driver/Src/stm32f4xx_hal_tim.o
HAL_TIM_Encoder_Init                              build/drivers/STM32F4xx_HAL_Driver/Src/stm32f4xx_hal_tim.o
HAL_TIM_Encoder_MspDeInit                         build/drivers/STM32F4xx_HAL_Driver/Src/stm32f4xx_hal_tim.o
HAL_TIM_Encoder_MspInit                           build/drivers/STM32F4xx_HAL_Driver/Src/stm32f4xx_hal_tim.o
HAL_TIM_Encoder_Start                             build/drivers/STM32F4xx_HAL_Driver/Src/stm32f4xx_hal_tim.o
HAL_TIM_Encoder_Start_DMA                         build/drivers/STM32F4xx_HAL_Driver/Src/stm32f4xx_hal_tim.o
HAL_TIM_Encoder_Start_IT                          build/drivers/STM32F4xx_HAL_Driver/Src/stm32f4xx_hal_tim.o
HAL_TIM_Encoder_Stop                              build/drivers/STM32F4xx_HAL_Driver/Src/stm32f4xx_hal_tim.o
HAL_TIM_Encoder_Stop_DMA                          build/drivers/STM32F4xx_HAL_Driver/Src/stm32f4xx_hal_tim.o
HAL_TIM_Encoder_Stop_IT                           build/drivers/STM32F4xx_HAL_Driver/Src/stm32f4xx_hal_tim.o
HAL_TIM_ErrorCallback                             build/drivers/STM32F4xx_HAL_Driver/Src/stm32f4xx_hal_tim.o
HAL_TIM_GenerateEvent                             build/drivers/STM32F4xx_HAL_Driver/Src/stm32f4xx_hal_tim.o
HAL_TIM_IC_CaptureCallback                        build/drivers/STM32F4xx_HAL_Driver/Src/stm32f4xx_hal_tim.o
HAL_TIM_IC_CaptureHalfCpltCallback                build/drivers/STM32F4xx_HAL_Driver/Src/stm32f4xx_hal_tim.o
HAL_TIM_IC_ConfigChannel                          build/drivers/STM32F4xx_HAL_Driver/Src/stm32f4xx_hal_tim.o
HAL_TIM_IC_DeInit                                 build/drivers/STM32F4xx_HAL_Driver/Src/stm32f4xx_hal_tim.o
HAL_TIM_IC_GetState                               build/drivers/STM32F4xx_HAL_Driver/Src/stm32f4xx_hal_tim.o
HAL_TIM_IC_Init                                   build/drivers/STM32F4xx_HAL_Driver/Src/stm32f4xx_hal_tim.o
HAL_TIM_IC_MspDeInit                              build/drivers/STM32F4xx_HAL_Driver/Src/stm32f4xx_hal_tim.o
HAL_TIM_IC_MspInit                                build/drivers/STM32F4xx_HAL_Driver/Src/stm32f4xx_hal_tim.o
HAL_TIM_IC_Start                                  build/drivers/STM32F4xx_HAL_Driver/Src/stm32f4xx_hal_tim.o
HAL_TIM_IC_Start_DMA                              build/drivers/STM32F4xx_HAL_Driver/Src/stm32f4xx_hal_tim.o
HAL_TIM_IC_Start_IT                               build/drivers/STM32F4xx_HAL_Driver/Src/stm32f4xx_hal_tim.o
HAL_TIM_IC_Stop                                   build/drivers/STM32F4xx_HAL_Driver/Src/stm32f4xx_hal_tim.o
HAL_TIM_IC_Stop_DMA                               build/drivers/STM32F4xx_HAL_Driver/Src/stm32f4xx_hal_tim.o
HAL_TIM_IC_Stop_IT                                build/drivers/STM32F4xx_HAL_Driver/Src/stm32f4xx_hal_tim.o
HAL_TIM_IRQHandler                                build/drivers/STM32F4xx_HAL_Driver/Src/stm32f4xx_hal_tim.o
                                                  build/core/stm32f4xx_it.o
HAL_TIM_OC_ConfigChannel                          build/drivers/STM32F4xx_HAL_Driver/Src/stm32f4xx_hal_tim.o
HAL_TIM_OC_DeInit                                 build/drivers/STM32F4xx_HAL_Driver/Src/stm32f4xx_hal_tim.o
HAL_TIM_OC_DelayElapsedCallback                   build/drivers/STM32F4xx_HAL_Driver/Src/stm32f4xx_hal_tim.o
HAL_TIM_OC_GetState                               build/drivers/STM32F4xx_HAL_Driver/Src/stm32f4xx_hal_tim.o
HAL_TIM_OC_Init                                   build/drivers/STM32F4xx_HAL_Driver/Src/stm32f4xx_hal_tim.o
HAL_TIM_OC_MspDeInit                              build/drivers/STM32F4xx_HAL_Driver/Src/stm32f4xx_hal_tim.o
HAL_TIM_OC_MspInit                                build/drivers/STM32F4xx_HAL_Driver/Src/stm32f4xx_hal_tim.o
HAL_TIM_OC_Start                                  build/drivers/STM32F4xx_HAL_Driver/Src/stm32f4xx_hal_tim.o
HAL_TIM_OC_Start_DMA                              build/drivers/STM32F4xx_HAL_Driver/Src/stm32f4xx_hal_tim.o
HAL_TIM_OC_Start_IT                               build/drivers/STM32F4xx_HAL_Driver/Src/stm32f4xx_hal_tim.o
HAL_TIM_OC_Stop                                   build/drivers/STM32F4xx_HAL_Driver/Src/stm32f4xx_hal_tim.o
HAL_TIM_OC_Stop_DMA                               build/drivers/STM32F4xx_HAL_Driver/Src/stm32f4xx_hal_tim.o
HAL_TIM_OC_Stop_IT                                build/drivers/STM32F4xx_HAL_Driver/Src/stm32f4xx_hal_tim.o
HAL_TIM_OnePulse_ConfigChannel                    build/drivers/STM32F4xx_HAL_Driver/Src/stm32f4xx_hal_tim.o
HAL_TIM_OnePulse_DeInit                           build/drivers/STM32F4xx_HAL_Driver/Src/stm32f4xx_hal_tim.o
HAL_TIM_OnePulse_GetState                         build/drivers/STM32F4xx_HAL_Driver/Src/stm32f4xx_hal_tim.o
HAL_TIM_OnePulse_Init                             build/drivers/STM32F4xx_HAL_Driver/Src/stm32f4xx_hal_tim.o
HAL_TIM_OnePulse_MspDeInit                        build/drivers/STM32F4xx_HAL_Driver/Src/stm32f4xx_hal_tim.o
HAL_TIM_OnePulse_MspInit                          build/drivers/STM32F4xx_HAL_Driver/Src/stm32f4xx_hal_tim.o
HAL_TIM_OnePulse_Start                            build/drivers/STM32F4xx_HAL_Driver/Src/stm32f4xx_hal_tim.o
HAL_TIM_OnePulse_Start_IT                         build/drivers/STM32F4xx_HAL_Driver/Src/stm32f4xx_hal_tim.o
HAL_TIM_OnePulse_Stop                             build/drivers/STM32F4xx_HAL_Driver/Src/stm32f4xx_hal_tim.o
HAL_TIM_OnePulse_Stop_IT                          build/drivers/STM32F4xx_HAL_Driver/Src/stm32f4xx_hal_tim.o
HAL_TIM_PWM_ConfigChannel                         build/drivers/STM32F4xx_HAL_Driver/Src/stm32f4xx_hal_tim.o
HAL_TIM_PWM_DeInit                                build/drivers/STM32F4xx_HAL_Driver/Src/stm32f4xx_hal_tim.o
HAL_TIM_PWM_GetState                              build/drivers/STM32F4xx_HAL_Driver/Src/stm32f4xx_hal_tim.o
HAL_TIM_PWM_Init                                  build/drivers/STM32F4xx_HAL_Driver/Src/stm32f4xx_hal_tim.o
HAL_TIM_PWM_MspDeInit                             build/drivers/STM32F4xx_HAL_Driver/Src/stm32f4xx_hal_tim.o
HAL_TIM_PWM_MspInit                               build/drivers/STM32F4xx_HAL_Driver/Src/stm32f4xx_hal_tim.o
HAL_TIM_PWM_PulseFinishedCallback                 build/drivers/STM32F4xx_HAL_Driver/Src/stm32f4xx_hal_tim.o
HAL_TIM_PWM_PulseFinishedHalfCpltCallback         build/drivers/STM32F4xx_HAL_Driver/Src/stm32f4xx_hal_tim.o
HAL_TIM_PWM_Start                                 build/drivers/STM32F4xx_HAL_Driver/Src/stm32f4xx_hal_tim.o
HAL_TIM_PWM_Start_DMA                             build/drivers/STM32F4xx_HAL_Driver/Src/stm32f4xx_hal_tim.o
HAL_TIM_PWM_Start_IT                              build/drivers/STM32F4xx_HAL_Driver/Src/stm32f4xx_hal_tim.o
HAL_TIM_PWM_Stop                                  build/drivers/STM32F4xx_HAL_Driver/Src/stm32f4xx_hal_tim.o
HAL_TIM_PWM_Stop_DMA                              build/drivers/STM32F4xx_HAL_Driver/Src/stm32f4xx_hal_tim.o
HAL_TIM_PWM_Stop_IT                               build/drivers/STM32F4xx_HAL_Driver/Src/stm32f4xx_hal_tim.o
HAL_TIM_PeriodElapsedCallback                     build/core/main.o
HAL_TIM_PeriodElapsedHalfCpltCallback             build/drivers/STM32F4xx_HAL_Driver/Src/stm32f4xx_hal_tim.o
HAL_TIM_ReadCapturedValue                         build/drivers/STM32F4xx_HAL_Driver/Src/stm32f4xx_hal_tim.o
HAL_TIM_SlaveConfigSynchro                        build/drivers/STM32F4xx_HAL_Driver/Src/stm32f4xx_hal_tim.o
HAL_TIM_SlaveConfigSynchro_IT                     build/drivers/STM32F4xx_HAL_Driver/Src/stm32f4xx_hal_tim.o
HAL_TIM_TriggerCallback                           build/drivers/STM32F4xx_HAL_Driver/Src/stm32f4xx_hal_tim.o
HAL_TIM_TriggerHalfCpltCallback                   build/drivers/STM32F4xx_HAL_Driver/Src/stm32f4xx_hal_tim.o
HASH_RNG_IRQHandler                               build/startup_stm32f407xx.o
HardFault_Handler                                 build/core/stm32f4xx_it.o
I2C1_ER_IRQHandler                                build/startup_stm32f407xx.o
I2C1_EV_IRQHandler                                build/startup_stm32f407xx.o
I2C2_ER_IRQHandler                                build/startup_stm32f407xx.o
I2C2_EV_IRQHandler                                build/startup_stm32f407xx.o
I2C3_ER_IRQHandler                                build/startup_stm32f407xx.o
I2C3_EV_IRQHandler                                build/startup_stm32f407xx.o
MemManage_Handler                                 build/core/stm32f4xx_it.o
NMI_Handler                                       build/core/stm32f4xx_it.o
OTG_FS_IRQHandler                                 build/startup_stm32f407xx.o
OTG_FS_WKUP_IRQHandler                            build/startup_stm32f407xx.o
OTG_HS_EP1_IN_IRQHandler                          build/startup_stm32f407xx.o
OTG_HS_EP1_OUT_IRQHandler                         build/startup_stm32f407xx.o
OTG_HS_IRQHandler                                 build/startup_stm32f407xx.o
OTG_HS_WKUP_IRQHandler                            build/startup_stm32f407xx.o
PVD_IRQHandler                                    build/startup_stm32f407xx.o
PendSV_Handler                                    build/os/portable/GCC/ARM_CM4F/port.o
RCC_IRQHandler                                    build/startup_stm32f407xx.o
RTC_Alarm_IRQHandler                              build/startup_stm32f407xx.o
RTC_WKUP_IRQHandler                               build/startup_stm32f407xx.o
Reset_Handler                                     build/startup_stm32f407xx.o
SDIO_IRQHandler                                   build/startup_stm32f407xx.o
SPI1_IRQHandler                                   build/startup_stm32f407xx.o
SPI2_IRQHandler                                   build/startup_stm32f407xx.o
SPI3_IRQHandler                                   build/startup_stm32f407xx.o
SVC_Handler                                       build/os/portable/GCC/ARM_CM4F/port.o
StartDefaultTask                                  build/core/main.o
SysTick_Handler                                   build/os/portable/GCC/ARM_CM4F/port.o
SystemClock_Config                                build/core/main.o
SystemCoreClock                                   build/core/system_stm32f4xx.o
                                                  build/drivers/STM32F4xx_HAL_Driver/Src/stm32f4xx_hal.o
                                                  build/drivers/STM32F4xx_HAL_Driver/Src/stm32f4xx_hal_dma.o
                                                  build/drivers/STM32F4xx_HAL_Driver/Src/stm32f4xx_hal_rcc_ex.o
                                                  build/drivers/STM32F4xx_HAL_Driver/Src/stm32f4xx_hal_rcc.o
                                                  build/os/portable/GCC/ARM_CM4F/port.o
                                                  build/os/CMSIS_RTOS_V2/cmsis_os2.o
SystemCoreClockUpdate                             build/core/system_stm32f4xx.o
SystemInit                                        build/core/system_stm32f4xx.o
                                                  build/startup_stm32f407xx.o
TAMP_STAMP_IRQHandler                             build/startup_stm32f407xx.o
TIM1_BRK_TIM9_IRQHandler                          build/startup_stm32f407xx.o
TIM1_CC_IRQHandler                                build/startup_stm32f407xx.o
TIM1_TRG_COM_TIM11_IRQHandler                     build/startup_stm32f407xx.o
TIM1_UP_TIM10_IRQHandler                          build/core/stm32f4xx_it.o
TIM2_IRQHandler                                   build/startup_stm32f407xx.o
TIM3_IRQHandler                                   build/startup_stm32f407xx.o
TIM4_IRQHandler                                   build/startup_stm32f407xx.o
TIM5_IRQHandler                                   build/startup_stm32f407xx.o
TIM6_DAC_IRQHandler                               build/startup_stm32f407xx.o
TIM7_IRQHandler                                   build/startup_stm32f407xx.o
TIM8_BRK_TIM12_IRQHandler                         build/startup_stm32f407xx.o
TIM8_CC_IRQHandler                                build/startup_stm32f407xx.o
TIM8_TRG_COM_TIM14_IRQHandler                     build/startup_stm32f407xx.o
TIM8_UP_TIM13_IRQHandler                          build/startup_stm32f407xx.o
TIMEx_DMACommutationCplt                          build/drivers/STM32F4xx_HAL_Driver/Src/stm32f4xx_hal_tim_ex.o
                                                  build/drivers/STM32F4xx_HAL_Driver/Src/stm32f4xx_hal_tim.o
TIMEx_DMACommutationHalfCplt                      build/drivers/STM32F4xx_HAL_Driver/Src/stm32f4xx_hal_tim_ex.o
                                                  build/drivers/STM32F4xx_HAL_Driver/Src/stm32f4xx_hal_tim.o
TIM_Base_SetConfig                                build/drivers/STM32F4xx_HAL_Driver/Src/stm32f4xx_hal_tim.o
                                                  build/drivers/STM32F4xx_HAL_Driver/Src/stm32f4xx_hal_tim_ex.o
TIM_CCxChannelCmd                                 build/drivers/STM32F4xx_HAL_Driver/Src/stm32f4xx_hal_tim.o
                                                  build/drivers/STM32F4xx_HAL_Driver/Src/stm32f4xx_hal_tim_ex.o
TIM_DMACaptureCplt                                build/drivers/STM32F4xx_HAL_Driver/Src/stm32f4xx_hal_tim.o
                                                  build/drivers/STM32F4xx_HAL_Driver/Src/stm32f4xx_hal_tim_ex.o
TIM_DMACaptureHalfCplt                            build/drivers/STM32F4xx_HAL_Driver/Src/stm32f4xx_hal_tim.o
                                                  build/drivers/STM32F4xx_HAL_Driver/Src/stm32f4xx_hal_tim_ex.o
TIM_DMADelayPulseCplt                             build/drivers/STM32F4xx_HAL_Driver/Src/stm32f4xx_hal_tim.o
                                                  build/drivers/STM32F4xx_HAL_Driver/Src/stm32f4xx_hal_tim_ex.o
TIM_DMADelayPulseHalfCplt                         build/drivers/STM32F4xx_HAL_Driver/Src/stm32f4xx_hal_tim.o
                                                  build/drivers/STM32F4xx_HAL_Driver/Src/stm32f4xx_hal_tim_ex.o
TIM_DMAError                                      build/drivers/STM32F4xx_HAL_Driver/Src/stm32f4xx_hal_tim.o
                                                  build/drivers/STM32F4xx_HAL_Driver/Src/stm32f4xx_hal_tim_ex.o
TIM_ETR_SetConfig                                 build/drivers/STM32F4xx_HAL_Driver/Src/stm32f4xx_hal_tim.o
TIM_OC2_SetConfig                                 build/drivers/STM32F4xx_HAL_Driver/Src/stm32f4xx_hal_tim.o
                                                  build/drivers/STM32F4xx_HAL_Driver/Src/stm32f4xx_hal_tim_ex.o
TIM_TI1_SetConfig                                 build/drivers/STM32F4xx_HAL_Driver/Src/stm32f4xx_hal_tim.o
                                                  build/drivers/STM32F4xx_HAL_Driver/Src/stm32f4xx_hal_tim_ex.o
UART4_IRQHandler                                  build/startup_stm32f407xx.o
UART5_IRQHandler                                  build/startup_stm32f407xx.o
USART1_IRQHandler                                 build/startup_stm32f407xx.o
USART2_IRQHandler                                 build/startup_stm32f407xx.o
USART3_IRQHandler                                 build/startup_stm32f407xx.o
USART6_IRQHandler                                 build/startup_stm32f407xx.o
UsageFault_Handler                                build/core/stm32f4xx_it.o
WWDG_IRQHandler                                   build/startup_stm32f407xx.o
_Jv_RegisterClasses                               /home/vikram/ST-Voice/freertos_cubemx_port/tc/bin/../lib/gcc/arm-none-eabi/5.3.1/armv7e-m/fpu/crtbegin.o
__aeabi_idiv0                                     /home/vikram/ST-Voice/freertos_cubemx_port/tc/bin/../lib/gcc/arm-none-eabi/5.3.1/armv7e-m/fpu/libgcc.a(_dvmd_tls.o)
__aeabi_ldiv0                                     /home/vikram/ST-Voice/freertos_cubemx_port/tc/bin/../lib/gcc/arm-none-eabi/5.3.1/armv7e-m/fpu/libgcc.a(_dvmd_tls.o)
                                                  /home/vikram/ST-Voice/freertos_cubemx_port/tc/bin/../lib/gcc/arm-none-eabi/5.3.1/armv7e-m/fpu/libgcc.a(_aeabi_uldivmod.o)
__aeabi_uldivmod                                  /home/vikram/ST-Voice/freertos_cubemx_port/tc/bin/../lib/gcc/arm-none-eabi/5.3.1/armv7e-m/fpu/libgcc.a(_aeabi_uldivmod.o)
                                                  build/drivers/STM32F4xx_HAL_Driver/Src/stm32f4xx_hal_rcc.o
__bss_end__                                       /home/vikram/ST-Voice/freertos_cubemx_port/tc/bin/../lib/gcc/arm-none-eabi/5.3.1/../../../../arm-none-eabi/lib/armv7e-m/fpu/crt0.o
__bss_start__                                     /home/vikram/ST-Voice/freertos_cubemx_port/tc/bin/../lib/gcc/arm-none-eabi/5.3.1/../../../../arm-none-eabi/lib/armv7e-m/fpu/crt0.o
__call_exitprocs                                  /home/vikram/ST-Voice/freertos_cubemx_port/tc/bin/../lib/gcc/arm-none-eabi/5.3.1/../../../../arm-none-eabi/lib/armv7e-m/fpu/libc.a(lib_a-__call_atexit.o)
                                                  /home/vikram/ST-Voice/freertos_cubemx_port/tc/bin/../lib/gcc/arm-none-eabi/5.3.1/../../../../arm-none-eabi/lib/armv7e-m/fpu/libc.a(lib_a-exit.o)
__deregister_frame_info                           /home/vikram/ST-Voice/freertos_cubemx_port/tc/bin/../lib/gcc/arm-none-eabi/5.3.1/armv7e-m/fpu/crtbegin.o
__dso_handle                                      /home/vikram/ST-Voice/freertos_cubemx_port/tc/bin/../lib/gcc/arm-none-eabi/5.3.1/armv7e-m/fpu/crtbegin.o
__fini_array_end                                  /home/vikram/ST-Voice/freertos_cubemx_port/tc/bin/../lib/gcc/arm-none-eabi/5.3.1/../../../../arm-none-eabi/lib/armv7e-m/fpu/libc.a(lib_a-fini.o)
__fini_array_start                                /home/vikram/ST-Voice/freertos_cubemx_port/tc/bin/../lib/gcc/arm-none-eabi/5.3.1/../../../../arm-none-eabi/lib/armv7e-m/fpu/libc.a(lib_a-fini.o)
__init_array_end                                  /home/vikram/ST-Voice/freertos_cubemx_port/tc/bin/../lib/gcc/arm-none-eabi/5.3.1/../../../../arm-none-eabi/lib/armv7e-m/fpu/libc.a(lib_a-init.o)
__init_array_start                                /home/vikram/ST-Voice/freertos_cubemx_port/tc/bin/../lib/gcc/arm-none-eabi/5.3.1/../../../../arm-none-eabi/lib/armv7e-m/fpu/libc.a(lib_a-init.o)
__libc_fini                                       /home/vikram/ST-Voice/freertos_cubemx_port/tc/bin/../lib/gcc/arm-none-eabi/5.3.1/../../../../arm-none-eabi/lib/armv7e-m/fpu/libc.a(lib_a-__call_atexit.o)
__libc_fini_array                                 /home/vikram/ST-Voice/freertos_cubemx_port/tc/bin/../lib/gcc/arm-none-eabi/5.3.1/../../../../arm-none-eabi/lib/armv7e-m/fpu/libc.a(lib_a-fini.o)
                                                  /home/vikram/ST-Voice/freertos_cubemx_port/tc/bin/../lib/gcc/arm-none-eabi/5.3.1/../../../../arm-none-eabi/lib/armv7e-m/fpu/libc.a(lib_a-__call_atexit.o)
                                                  /home/vikram/ST-Voice/freertos_cubemx_port/tc/bin/../lib/gcc/arm-none-eabi/5.3.1/../../../../arm-none-eabi/lib/armv7e-m/fpu/crt0.o
__libc_init_array                                 /home/vikram/ST-Voice/freertos_cubemx_port/tc/bin/../lib/gcc/arm-none-eabi/5.3.1/../../../../arm-none-eabi/lib/armv7e-m/fpu/libc.a(lib_a-init.o)
                                                  build/startup_stm32f407xx.o
                                                  /home/vikram/ST-Voice/freertos_cubemx_port/tc/bin/../lib/gcc/arm-none-eabi/5.3.1/../../../../arm-none-eabi/lib/armv7e-m/fpu/crt0.o
__preinit_array_end                               /home/vikram/ST-Voice/freertos_cubemx_port/tc/bin/../lib/gcc/arm-none-eabi/5.3.1/../../../../arm-none-eabi/lib/armv7e-m/fpu/libc.a(lib_a-init.o)
__preinit_array_start                             /home/vikram/ST-Voice/freertos_cubemx_port/tc/bin/../lib/gcc/arm-none-eabi/5.3.1/../../../../arm-none-eabi/lib/armv7e-m/fpu/libc.a(lib_a-init.o)
__register_exitproc                               /home/vikram/ST-Voice/freertos_cubemx_port/tc/bin/../lib/gcc/arm-none-eabi/5.3.1/../../../../arm-none-eabi/lib/armv7e-m/fpu/libc.a(lib_a-__atexit.o)
                                                  /home/vikram/ST-Voice/freertos_cubemx_port/tc/bin/../lib/gcc/arm-none-eabi/5.3.1/../../../../arm-none-eabi/lib/armv7e-m/fpu/libc.a(lib_a-atexit.o)
__register_frame_info                             /home/vikram/ST-Voice/freertos_cubemx_port/tc/bin/../lib/gcc/arm-none-eabi/5.3.1/armv7e-m/fpu/crtbegin.o
__stack                                           /home/vikram/ST-Voice/freertos_cubemx_port/tc/bin/../lib/gcc/arm-none-eabi/5.3.1/../../../../arm-none-eabi/lib/armv7e-m/fpu/crt0.o
__udivmoddi4                                      /home/vikram/ST-Voice/freertos_cubemx_port/tc/bin/../lib/gcc/arm-none-eabi/5.3.1/armv7e-m/fpu/libgcc.a(_udivmoddi4.o)
                                                  /home/vikram/ST-Voice/freertos_cubemx_port/tc/bin/../lib/gcc/arm-none-eabi/5.3.1/armv7e-m/fpu/libgcc.a(_aeabi_uldivmod.o)
_ebss                                             build/startup_stm32f407xx.o
_edata                                            build/startup_stm32f407xx.o
_estack                                           build/startup_stm32f407xx.o
_exit                                             /home/vikram/ST-Voice/freertos_cubemx_port/tc/bin/../lib/gcc/arm-none-eabi/5.3.1/../../../../arm-none-eabi/lib/armv7e-m/fpu/libnosys.a(_exit.o)
                                                  /home/vikram/ST-Voice/freertos_cubemx_port/tc/bin/../lib/gcc/arm-none-eabi/5.3.1/../../../../arm-none-eabi/lib/armv7e-m/fpu/libc.a(lib_a-exit.o)
_fini                                             /home/vikram/ST-Voice/freertos_cubemx_port/tc/bin/../lib/gcc/arm-none-eabi/5.3.1/armv7e-m/fpu/crti.o
                                                  /home/vikram/ST-Voice/freertos_cubemx_port/tc/bin/../lib/gcc/arm-none-eabi/5.3.1/../../../../arm-none-eabi/lib/armv7e-m/fpu/libc.a(lib_a-fini.o)
_global_impure_ptr                                /home/vikram/ST-Voice/freertos_cubemx_port/tc/bin/../lib/gcc/arm-none-eabi/5.3.1/../../../../arm-none-eabi/lib/armv7e-m/fpu/libc.a(lib_a-impure.o)